// Jest Snapshot v1, https://goo.gl/fbAQLP

exports[`should draw a blue point on the top left 1`] = `"data:image/png;base64,iVBORw0KGgoAAAANSUhEUgAAASwAAACWCAYAAABkW7XSAAAABmJLR0QA/wD/AP+gvaeTAAAEKElEQVR4nO3dPWsUaxzG4f8eTBbEJCYicX0B30LUSjsNNqIErCwMaGEUG0sttPVL2B/EDyEiFtoIVjY2WtgIfge7nGIrUTgiyTxzZ64LAql27urHM5vZzahqa6vCjcdVP360XgHstH9aD9gOc3OtFwBdECwghmABMQQLiLErgrW83HoB0IVdEawzZ1ovALqwK4K1utp6AdAFwQJi7Ipgray0XgB0IT5YJ05ULS21XgF0IT5YV6+2XgB0JT5YV660XgB0ZZT84efRqOr796rJpPUSoAvRJ6yzZ8UKhiQ6WBsbrRcAXYq+Jfz82TNYMCSxJ6xLl8QKhiY2WJubrRcAXYu8Jdy7t+rbt6oDB1ovAboUecJ68ECsYIjiTljjcdXXr1VHjrReAnQt7oR1/75YwVBFnbBmZqq+fJl+4BkYnqgT1qNHYgVDFnPCmkymD4rOz7deArQSc8J69kysYOgiTljr61WvX7deAbTW+2AtLlZ9/Fh1/HjrJUBrvb4lHI2qnj8XK2Cq18F68qTqxo3WK4C+6O0t4dpa1bt302evAKp6GqxTp6rev/cv6IGf9e6WcDKpevNGrIBf9SpY8/NVL196mh34vd4Ea2FhGqsLF1ovAfpqT+sBVVWHDlW9elV1/nzrJUCfNQ/WyZPTp9hPn269BOi7preEa2tVHz6IFfBnmgRrNKp6+LDq7duqgwdbLAASdX5LuLBQ9e+/VTdvdn1lIF2nJ6z19apPn8QK+DudBOvw4aoXL6Zvrh871sUVgd1oR4M1M1P1+PH0e9jv3t3JKwFDsCPvYc3OVt26VfX0adXKyk5cARiibQ3WeFx17940VEePbucrA2xTsC5erNrcrLp9u2ppaTteEeBXfx2sc+eqNjaq7txx2wd044+DNZlUXb5cde1a1fXr/toHdG/P7GzVvn1V+/dXzc1Nf19erlpd/flncbH1VGDoRltb/fvGUYDf6c33YQH8H8ECYggWEEOwgBiCBcQQLCCGYAExBAuIIVhADMECYggWEEOwgBiCBcQQLCCGYAExBAuIIVhADMECYggWEEOwgBiCBcQQLCCGYAExBAuIIVhADMECYggWEEOwgBiCBcQQLCCGYAExBAuIIVhADMECYggWEEOwgBiCBcQQLCCGYAExBAuIIVhADMECYggWEEOwgBiCBcQQLCCGYAExBAuIIVhADMECYggWEEOwgBiCBcQQLCCGYAExBAuIIVhADMECYggWEEOwgBiCBcQQLCCGYAExBAuIIVhADMECYggWEEOwgBiCBcQQLCCGYAExBAuIIVhADMECYggWEEOwgBiCBcQQLCCGYAExBAuIIVhADMECYggWEEOwgBiCBcQQLCCGYAExBAuIIVhADMECYggWEEOwgBiCBcQQLCCGYAExBAuIIVhADMECYggWEOM/ms5j00UoBasAAAAASUVORK5CYII="`;

exports[`should draw a red point in the middle 1`] = `"data:image/png;base64,iVBORw0KGgoAAAANSUhEUgAAASwAAACWCAYAAABkW7XSAAAABmJLR0QA/wD/AP+gvaeTAAAJjklEQVR4nO3dfWiV5R/H8c+JrVG6rW3Kdmy21nRzQtSKskR7wGFJ2eNAA5dG4R8RSVRQZET0j0JP1H+SVI7MCAOzB8QNtQwSeoCM9iBzMTc7cw9aOmdzsd8fF4N+c+q2tn2v677fLxjuD9k+59ycz77XOdd934nBwcFBAUAALrEOAACjRWEBCAaFBSAYFBaAYFBYAIJBYQEIBoUFIBgUFoBgUFgAgkFhAQgGhQUgGBQWgGBQWACCQWEBCAaFBSAYFBaAYFBYAIJBYQEIBoUFIBgUFoBgUFgAgkFhAQgGhQUgGBQWgGCkWQdAYLq7pcZGqaFBampy36dSUm+v+zp+3P0rSdOmSTk57t9p06RkUiotdV/z5kllZVJenu3jQVAS3PkZF5RKSd9+K9XWSrt3Sy0tE/vzk0lp0SKpslK66y6pqGhifz4ihcLCuerrpS1bpO3bpUOHpvZ3l5ZKVVVSdbWbwoB/obDgdHVJW7dKNTXSDz9Yp3FuvllatUp65BFpxgzrNPAAhRV3ra3SG29I770nnT5tnWZkGRnS6tXS+vXS7NnWaWCIwoqrlhbp7belTZukM2es04xOerq0cqX00kvuDXvEDoUVN7290muvualqYMA6zfikpUlPPukeR1aWdRpMIQorTnbudC/0tjbrJBMjmZQ2bHBv0CcS1mkwBSisOGhpkR5/XNqzxzrJ5FiyRNq8mS0RMcBO96jbsUO68cbolpUk1dVJ110nffqpdRJMMgorqs6elV54QXrwQbf7POr+/FNasUJat07q77dOg0nCkjCK/vhDuu8+f/ZTTbUFC9xkmZ9vnQQTjMKKmpYWd4rLVO9Q901xsbRrlzR3rnUSTCCWhFFy8KA7Ly/uZSW54l68WPr5Z+skmEAUVlTs2+fK6uhR6yT+6OiQ7rjDnbyNSGBJGAW//CLdfrt04oR1Ej9lZblPSW+4wToJ/iMKK3TNzW6ySqWsk/ht5kxp/353NQgEiyVhyI4dk5Yto6xGo7OT5yoCKKxQ/f23dM89vME+FocPSw88wD6tgFFYoXr++fjus/ovDhyQXnzROgXGifewQvTFF25jKIdufBIJ6bPP3LSFoFBYoWltlSoqpJ4e6yRhy8mRfvzRbTBFMFgShmRwUFqzhrKaCMePS2vXWqfAGFFYIdm6NdpXXZhqtbXSJ59Yp8AYsCQMxV9/SeXl7GSfaAUF7h6L2dnWSTAKTFihWL+espoMqZT06qvWKTBKTFghOHTITVf//GOdJJrS0tyUVVJinQQXwYQVgg0bKKvJNDAgbdxonQKjwITluyNHpDlz2J092dLT3STLdeG9xoTlu40bKaupcPas9Oab1ilwEUxYPuvsdH/x+/qsk8TDZZe5iTYvzzoJzoMJy2cff0xZTaW+PmnbNusUuAAKy2c1NdYJ4ofn3GssCX1VXy/Nn2+dIp4aGqSyMusUGAETlq+2bLFOEF8ffWSdAOfBhOWr0lIuzmelvFz67TfrFBgBheWj9napsNA6Rby1tUlXXmmdAsOwJPRRXZ11Auzda50AI6CwfMQlZOxxDLzEktBHRUXuyqKwU1zsbloBr1BYvunqcvfQg73ubik31zoF/oUloW8aG60TYEhTk3UCDENh+YbC8gfHwjsUlm94kfiDY+EdCss3LEP8QWF5h8LyTSplnQBDOjqsE2AYCss3p05ZJ8CQkyetE2AYCss3vEj8wbHwDoXlG14k/uBYeIfC8g1LQn9QWN6hsAAEg8LyzfTp1gkwJDPTOgGGobB8w4vEHxwL71BYvuFF4g+OhXcoLN+wJPQHheUdCss3BQXWCTAkP986AYahsHzD7aX8MW+edQIMQ2H5hsLyB8fCOxSWb3iR+INj4R0ukeybnh4pL886BSQukewhJizf5Oa6m1DAVnExZeUhCstHd95pnQBLllgnwAgoLB9RWPY4Bl7iPSwfHT3KbdItJRJSe7uUTFonwTBMWD6aNYtPqCyVl1NWnqKwfPXQQ9YJ4quqyjoBzoMloa+ampiyrDQ08Nx7ignLV6Wl0k03WaeIn1tvpaw8RmH5rLraOkH88Jx7jSWhz7q6pKuukvr6rJPEw+WXS62tnGngMSYsn82YIT3xhHWK+Fi7lrLyHBOW79rapJISqb/fOkm0ZWRIzc3sf/McE5bvCgulRx+1ThF9jz1GWQWACSsEzc3uYnIDA9ZJoik9XWpsdCc8w2tMWCEoKZGeeso6RXStW0dZBYIJKxQnT7pTRtrbrZNESzLpNopmZVknwSgwYYUiM1N6/XXrFNHzzjuUVUCYsEJTWSnV1VmniIalS6Vdu6xTYAworNAcOSJVVLjL92L8cnKkn36Srr7aOgnGgCVhaGbPlj74wF2zCeOTSEjvv09ZBYjCCtG997pPtjA+zz0n3X+/dQqMA0vCUPX3S7fdJh04YJ0kLAsXSnv3ur1XCA6FFbLOTmnxYrfpERdXUiJ99x23oA8YS8KQzZwpffUVl/MdjWRS2r2bsgochRW6a65xH81fcYV1En9lZUlffslu9gigsKLg2mulHTuk7GzrJP7JznZlVVFhnQQTgPewouTXX6W77+b0nSEFBdLXX0vXX2+dBBOEwoqalhZXWk1N1klsDS2V58yxToIJxJIwaoqLpW++kRYssE5iZ+FC6fvvKasIorCiKD9f2r9feuUV6ZIYHeJEQnr6aWnPHvcJKiKHJWHU7dwprVkj9fRYJ5lc2dnS5s3Sww9bJ8EkitGf35havtyd5FtZaZ1k8ixdKh08SFnFAIUVB0VFbtPk55+7k6ejYtYs6cMP3ZvrUXpcOC8KK06WL3dbH555RkpLs04zfunp0rPPulOSuEFHrPAeVlz9/rv01lvSpk3SmTPWaUbn0kulFSukl1+W5s61TgMDFFbcdXS44nr3Xen0aes0I8vIkFavdkVVWGidBoYoLDjd3dK2bVJNjT+XrLnlFqm6Wlq5UsrNtU4DD1BYOFdTkyuu7dul+vqp/d3z50tVVdKqVSz7cA4KCxd27Ji0b59UW+u+Dh+e2J+fTEqLFrltF8uW8WkfLojCwtj09LgJrKHBfUrX1CSlUlJvr7t34okT0qlT7v9On+4ue5OZ6b7Pz5fKyv7/KyfH9vEgKBQWgGCwDwtAMCgsAMGgsAAEg8ICEAwKC0AwKCwAwaCwAASDwgIQDAoLQDAoLADBoLAABIPCAhAMCgtAMCgsAMGgsAAEg8ICEAwKC0AwKCwAwaCwAASDwgIQDAoLQDAoLADBoLAABIPCAhCM/wF8cahYcu62XQAAAABJRU5ErkJggg=="`;

exports[`should preview a blue point on the top left 1`] = `"data:image/png;base64,iVBORw0KGgoAAAANSUhEUgAAASwAAACWCAYAAABkW7XSAAAABmJLR0QA/wD/AP+gvaeTAAAEKElEQVR4nO3dPWsUaxzG4f8eTBbEJCYicX0B30LUSjsNNqIErCwMaGEUG0sttPVL2B/EDyEiFtoIVjY2WtgIfge7nGIrUTgiyTxzZ64LAql27urHM5vZzahqa6vCjcdVP360XgHstH9aD9gOc3OtFwBdECwghmABMQQLiLErgrW83HoB0IVdEawzZ1ovALqwK4K1utp6AdAFwQJi7Ipgray0XgB0IT5YJ05ULS21XgF0IT5YV6+2XgB0JT5YV660XgB0ZZT84efRqOr796rJpPUSoAvRJ6yzZ8UKhiQ6WBsbrRcAXYq+Jfz82TNYMCSxJ6xLl8QKhiY2WJubrRcAXYu8Jdy7t+rbt6oDB1ovAboUecJ68ECsYIjiTljjcdXXr1VHjrReAnQt7oR1/75YwVBFnbBmZqq+fJl+4BkYnqgT1qNHYgVDFnPCmkymD4rOz7deArQSc8J69kysYOgiTljr61WvX7deAbTW+2AtLlZ9/Fh1/HjrJUBrvb4lHI2qnj8XK2Cq18F68qTqxo3WK4C+6O0t4dpa1bt302evAKp6GqxTp6rev/cv6IGf9e6WcDKpevNGrIBf9SpY8/NVL196mh34vd4Ea2FhGqsLF1ovAfpqT+sBVVWHDlW9elV1/nzrJUCfNQ/WyZPTp9hPn269BOi7preEa2tVHz6IFfBnmgRrNKp6+LDq7duqgwdbLAASdX5LuLBQ9e+/VTdvdn1lIF2nJ6z19apPn8QK+DudBOvw4aoXL6Zvrh871sUVgd1oR4M1M1P1+PH0e9jv3t3JKwFDsCPvYc3OVt26VfX0adXKyk5cARiibQ3WeFx17940VEePbucrA2xTsC5erNrcrLp9u2ppaTteEeBXfx2sc+eqNjaq7txx2wd044+DNZlUXb5cde1a1fXr/toHdG/P7GzVvn1V+/dXzc1Nf19erlpd/flncbH1VGDoRltb/fvGUYDf6c33YQH8H8ECYggWEEOwgBiCBcQQLCCGYAExBAuIIVhADMECYggWEEOwgBiCBcQQLCCGYAExBAuIIVhADMECYggWEEOwgBiCBcQQLCCGYAExBAuIIVhADMECYggWEEOwgBiCBcQQLCCGYAExBAuIIVhADMECYggWEEOwgBiCBcQQLCCGYAExBAuIIVhADMECYggWEEOwgBiCBcQQLCCGYAExBAuIIVhADMECYggWEEOwgBiCBcQQLCCGYAExBAuIIVhADMECYggWEEOwgBiCBcQQLCCGYAExBAuIIVhADMECYggWEEOwgBiCBcQQLCCGYAExBAuIIVhADMECYggWEEOwgBiCBcQQLCCGYAExBAuIIVhADMECYggWEEOwgBiCBcQQLCCGYAExBAuIIVhADMECYggWEEOwgBiCBcQQLCCGYAExBAuIIVhADMECYggWEOM/ms5j00UoBasAAAAASUVORK5CYII="`;

exports[`should preview a red point in the middle 1`] = `"data:image/png;base64,iVBORw0KGgoAAAANSUhEUgAAASwAAACWCAYAAABkW7XSAAAABmJLR0QA/wD/AP+gvaeTAAAJjklEQVR4nO3dfWiV5R/H8c+JrVG6rW3Kdmy21nRzQtSKskR7wGFJ2eNAA5dG4R8RSVRQZET0j0JP1H+SVI7MCAOzB8QNtQwSeoCM9iBzMTc7cw9aOmdzsd8fF4N+c+q2tn2v677fLxjuD9k+59ycz77XOdd934nBwcFBAUAALrEOAACjRWEBCAaFBSAYFBaAYFBYAIJBYQEIBoUFIBgUFoBgUFgAgkFhAQgGhQUgGBQWgGBQWACCQWEBCAaFBSAYFBaAYFBYAIJBYQEIBoUFIBgUFoBgUFgAgkFhAQgGhQUgGBQWgGCkWQdAYLq7pcZGqaFBampy36dSUm+v+zp+3P0rSdOmSTk57t9p06RkUiotdV/z5kllZVJenu3jQVAS3PkZF5RKSd9+K9XWSrt3Sy0tE/vzk0lp0SKpslK66y6pqGhifz4ihcLCuerrpS1bpO3bpUOHpvZ3l5ZKVVVSdbWbwoB/obDgdHVJW7dKNTXSDz9Yp3FuvllatUp65BFpxgzrNPAAhRV3ra3SG29I770nnT5tnWZkGRnS6tXS+vXS7NnWaWCIwoqrlhbp7belTZukM2es04xOerq0cqX00kvuDXvEDoUVN7290muvualqYMA6zfikpUlPPukeR1aWdRpMIQorTnbudC/0tjbrJBMjmZQ2bHBv0CcS1mkwBSisOGhpkR5/XNqzxzrJ5FiyRNq8mS0RMcBO96jbsUO68cbolpUk1dVJ110nffqpdRJMMgorqs6elV54QXrwQbf7POr+/FNasUJat07q77dOg0nCkjCK/vhDuu8+f/ZTTbUFC9xkmZ9vnQQTjMKKmpYWd4rLVO9Q901xsbRrlzR3rnUSTCCWhFFy8KA7Ly/uZSW54l68WPr5Z+skmEAUVlTs2+fK6uhR6yT+6OiQ7rjDnbyNSGBJGAW//CLdfrt04oR1Ej9lZblPSW+4wToJ/iMKK3TNzW6ySqWsk/ht5kxp/353NQgEiyVhyI4dk5Yto6xGo7OT5yoCKKxQ/f23dM89vME+FocPSw88wD6tgFFYoXr++fjus/ovDhyQXnzROgXGifewQvTFF25jKIdufBIJ6bPP3LSFoFBYoWltlSoqpJ4e6yRhy8mRfvzRbTBFMFgShmRwUFqzhrKaCMePS2vXWqfAGFFYIdm6NdpXXZhqtbXSJ59Yp8AYsCQMxV9/SeXl7GSfaAUF7h6L2dnWSTAKTFihWL+espoMqZT06qvWKTBKTFghOHTITVf//GOdJJrS0tyUVVJinQQXwYQVgg0bKKvJNDAgbdxonQKjwITluyNHpDlz2J092dLT3STLdeG9xoTlu40bKaupcPas9Oab1ilwEUxYPuvsdH/x+/qsk8TDZZe5iTYvzzoJzoMJy2cff0xZTaW+PmnbNusUuAAKy2c1NdYJ4ofn3GssCX1VXy/Nn2+dIp4aGqSyMusUGAETlq+2bLFOEF8ffWSdAOfBhOWr0lIuzmelvFz67TfrFBgBheWj9napsNA6Rby1tUlXXmmdAsOwJPRRXZ11Auzda50AI6CwfMQlZOxxDLzEktBHRUXuyqKwU1zsbloBr1BYvunqcvfQg73ubik31zoF/oUloW8aG60TYEhTk3UCDENh+YbC8gfHwjsUlm94kfiDY+EdCss3LEP8QWF5h8LyTSplnQBDOjqsE2AYCss3p05ZJ8CQkyetE2AYCss3vEj8wbHwDoXlG14k/uBYeIfC8g1LQn9QWN6hsAAEg8LyzfTp1gkwJDPTOgGGobB8w4vEHxwL71BYvuFF4g+OhXcoLN+wJPQHheUdCss3BQXWCTAkP986AYahsHzD7aX8MW+edQIMQ2H5hsLyB8fCOxSWb3iR+INj4R0ukeybnh4pL886BSQukewhJizf5Oa6m1DAVnExZeUhCstHd95pnQBLllgnwAgoLB9RWPY4Bl7iPSwfHT3KbdItJRJSe7uUTFonwTBMWD6aNYtPqCyVl1NWnqKwfPXQQ9YJ4quqyjoBzoMloa+ampiyrDQ08Nx7ignLV6Wl0k03WaeIn1tvpaw8RmH5rLraOkH88Jx7jSWhz7q6pKuukvr6rJPEw+WXS62tnGngMSYsn82YIT3xhHWK+Fi7lrLyHBOW79rapJISqb/fOkm0ZWRIzc3sf/McE5bvCgulRx+1ThF9jz1GWQWACSsEzc3uYnIDA9ZJoik9XWpsdCc8w2tMWCEoKZGeeso6RXStW0dZBYIJKxQnT7pTRtrbrZNESzLpNopmZVknwSgwYYUiM1N6/XXrFNHzzjuUVUCYsEJTWSnV1VmniIalS6Vdu6xTYAworNAcOSJVVLjL92L8cnKkn36Srr7aOgnGgCVhaGbPlj74wF2zCeOTSEjvv09ZBYjCCtG997pPtjA+zz0n3X+/dQqMA0vCUPX3S7fdJh04YJ0kLAsXSnv3ur1XCA6FFbLOTmnxYrfpERdXUiJ99x23oA8YS8KQzZwpffUVl/MdjWRS2r2bsgochRW6a65xH81fcYV1En9lZUlffslu9gigsKLg2mulHTuk7GzrJP7JznZlVVFhnQQTgPewouTXX6W77+b0nSEFBdLXX0vXX2+dBBOEwoqalhZXWk1N1klsDS2V58yxToIJxJIwaoqLpW++kRYssE5iZ+FC6fvvKasIorCiKD9f2r9feuUV6ZIYHeJEQnr6aWnPHvcJKiKHJWHU7dwprVkj9fRYJ5lc2dnS5s3Sww9bJ8EkitGf35havtyd5FtZaZ1k8ixdKh08SFnFAIUVB0VFbtPk55+7k6ejYtYs6cMP3ZvrUXpcOC8KK06WL3dbH555RkpLs04zfunp0rPPulOSuEFHrPAeVlz9/rv01lvSpk3SmTPWaUbn0kulFSukl1+W5s61TgMDFFbcdXS44nr3Xen0aes0I8vIkFavdkVVWGidBoYoLDjd3dK2bVJNjT+XrLnlFqm6Wlq5UsrNtU4DD1BYOFdTkyuu7dul+vqp/d3z50tVVdKqVSz7cA4KCxd27Ji0b59UW+u+Dh+e2J+fTEqLFrltF8uW8WkfLojCwtj09LgJrKHBfUrX1CSlUlJvr7t34okT0qlT7v9On+4ue5OZ6b7Pz5fKyv7/KyfH9vEgKBQWgGCwDwtAMCgsAMGgsAAEg8ICEAwKC0AwKCwAwaCwAASDwgIQDAoLQDAoLADBoLAABIPCAhAMCgtAMCgsAMGgsAAEg8ICEAwKC0AwKCwAwaCwAASDwgIQDAoLQDAoLADBoLAABIPCAhCM/wF8cahYcu62XQAAAABJRU5ErkJggg=="`;
