// Jest Snapshot v1, https://goo.gl/fbAQLP

exports[`should draw a blue circle on the top left 1`] = `"data:image/png;base64,iVBORw0KGgoAAAANSUhEUgAAASwAAACWCAYAAABkW7XSAAAABmJLR0QA/wD/AP+gvaeTAAAGAUlEQVR4nO3dv2td9R/H8VeCtNgfdpAipRZUNGYpYl38gWAUfy1a1Lr1H1Cwg6BURZ38Mfhr0EUnfw5mFANKi4tFi5TaJXaIaKikgwpqVaI2cfhQDpXvt1jsvee+k8cDQs4pDfc9Pfncc8/9nLHl5eXlFPbYY8mzz7bjZ55J9u7tdx5gcMb7HuC/+vnn7viCC/qbAxi88sH65ZfueOPG/uYABk+wgDLKB+vEie54w4b+5gAGr3ywjh3rjjdv7m8OYPDGKn9KePJksn59sriYjI21C/BWWbBylV5hff11i1WSXHyxWMFKVzpYR492x1de2d8cwHCsmGBNTPQ3BzAcpYN14EB3vH17f3MAw1H2ovvSUnLRRcn337fz2dlkcrLfmYDBKrvCOny4i9WWLWIFq0HZYO3b1x3fckt/cwDDUzZYH3/cHU9N9TcHMDwlr2EtLCTbtrUbR8fHk/n5ZOvWvqcCBq3kCuudd1qskra6EitYHUoG6623uuPdu/ubAxiucm8JjxxJrrqqHa9blxw/blsZWC3KrbBefrk73rlTrGA1KbXC+vbb5Iorkj//bOeffppcf32/MwHDU2qF9fzzXaxuvlmsYLUps8I6fjy57LLk99/b+b59LVrA6lFmhfXUU12srr1WrGA1KrHC+vzz9vZvaamdz8wkd9zR70zA8I38CmtpKXnooS5Wd98tVrBajXywXnstOXiwHZ9/fvLSS/3OA/RnpIM1N5c8/nh3/sQTyaWX9jcP0K+RvYa1uNiuWx061M4nJ5Mvv0zWrOl3LqA/I7vCevjhLlZr17YvPIsVrG4jGazp6eTVV7vzF19Mduzobx5gNIzcW8KDB9s9Vr/+2s7vuy95//1+ZwJGw0gFa3Y2ufHG5Icf2vnllydffJFs2tTvXMBoGJm3hN99l9x5ZxerzZuTDz4QK6AzEsE6diy59da2G0PStoyZmfE0Z+B0vQdrdja54Yb2O2mfBE5PJ9dc0+9cwOjpNViffdauWc3Pt/M1a5L33ktuu63PqYBR1Vuwpqfb8wRPXbPauDH58MPknnv6mggYdUMP1uJismdPsmtX8ttv7d8uvDD56CMPRAXO7LxhvtjcXHL//d0d7Em7dWFmpv0GOJOhrLBOnmx3ru/YcXqsdu1q91mJFfBvDHyFdehQ8sADbRO+U9aubfuz79kz6FcHVpKBBWthIXn66eSNN7rN95K268K77yZXXz2oVwZWqnMerPn55IUXktdf7/ZgT9rme488kuzd21ZYAGfrnAXryJH2kNO33+4exXXKXXclr7ySXHLJuXo1YDX6T8FaWGhv7958swXrn667LnnySXuwA+fGWQVraSk5fDjZv7/dN7V/f/sE8J+mptp2xh7FBZxL/zdYf/2VfPNNcvRo8tVXyYEDySefJD/++L///7p1yc6dyYMPeiIzMBhjjz66vHziRHLq56ef2lYvc3PJH3+c+Y/Hx5Obbkp2707uvbd9vQZgUMaSs9vAb8uW9hWaqank9tuTrVsHNRrA6c54DWvbtrYn1cREsn17W01NTg5rNIDTnffcc8mGDd3Ppk3ty8gTE8n69X2PB9AZqT3dAc6k9x1HAf4twQLKECygDMECyhAsoAzBAsoQLKAMwQLKECygDMECyhAsoAzBAsoQLKAMwQLKECygDMECyhAsoAzBAsoQLKAMwQLKECygDMECyhAsoAzBAsoQLKAMwQLKECygDMECyhAsoAzBAsoQLKAMwQLKECygDMECyhAsoAzBAsoQLKAMwQLKECygDMECyhAsoAzBAsoQLKAMwQLKECygDMECyhAsoAzBAsoQLKAMwQLKECygDMECyhAsoAzBAsoQLKAMwQLKECygDMECyhAsoAzBAsoQLKAMwQLKECygDMECyhAsoAzBAsoQLKAMwQLKECygDMECyhAsoAzBAsoQLKAMwQLKECygDMECyhAsoAzBAsoQLKAMwQLKECygDMECyhAsoAzBAsoQLKAMwQLKECygDMECyhAsoAzBAsoQLKAMwQLKECygDMECyhAsoAzBAsoQLKCMvwFGoTx8rHkIYgAAAABJRU5ErkJggg=="`;

exports[`should draw a red circle in the middle 1`] = `"data:image/png;base64,iVBORw0KGgoAAAANSUhEUgAAASwAAACWCAYAAABkW7XSAAAABmJLR0QA/wD/AP+gvaeTAAAPPUlEQVR4nO3deWyUxR8G8GdLW0ygLagRgVDkV65Wg3JFDALhUIJAhHCDHBbCKaDxKAhB8awcarhPEcolh2AkUQ6BApJwH39QWu6CICbSLUcCLWV/f3xjoPvO9ljaeWd2n0/SqPOu7ddd+zAz77wzHp/P5wMRkQUi3C6AiKikGFhEZA0GFhFZg4FFRNZgYBGRNRhYRGQNBhYRWYOBRUTWYGARkTUYWERkDQYWEVmDgUVE1mBgEZE1GFhEZA0GFhFZg4FFRNZgYBGRNRhYRGQNBhYRWYOBRUTWYGARkTUi3S6ALOb1AllZQG6u/P3t28CdO/IFAJUqyVflykCVKkBcHFC/vvw9URAYWFS8ggLg+HFgzx4gI0NC6vRp4Pr14L5ftWpAw4ZAgwZAYiLQqhXQuDEQwQ4/Fc3DcwlJ6dQpYMcOYOdOCaqcnPL9eVWrAm3aAO3aAR06SJAR+WFg0UPXrgHr1gErVgBHj7pbS1ISMGiQfFWv7m4tZAwGVrgrKAA2bgSWLQO2b5d/NkmFCsDrrwNvvw306MFhY5hjYIWrvDxg5UogNRU4cya47xEdDSQkADVrypCucuWHE+2ATL7/NxGfkwNcuQKcPy8/Oxj16wMTJwIDBgBRUcF9D7IaAyvc3L0LLF4MzJgBZGeX/N+LiwNat5YJ8qQkmTB/7jkgspT3be7fBy5cADIzZQJ/714gPR24ebPk36N2beCjj4ChQ4GKFUv388lqDKxwsnUrMHZsyXpUHg/QsiXQpQvQti3QtKkMz8pDQQFw+DCwaxewZQuwfz9Qkv8tGzQA5syRSXoKCwyscHD1KjBhApCWVvxr4+OBfv2AYcOAunXLvzaV7GxgzRpg6dKShWuXLsDcuVI7hTQGVijz+aQH8vHHMpcUiMcDdOoEpKTIkM/j0VdjUXw+WVKRmgr8/nvRr42JkdeNHq2nNnIFAytU3bwpvaT16wO/JiICeOMNYMoUoHlzfbUF48QJYOZMYPXqou9kvvmm3PGsWlVfbaQNAysUHTgA9O0LXLwY+DVt2wKzZgEvvKCvrrJw8iQwbpxM1Afyv/8Ba9eaH8JUalzUEmrmzZNhXaCwql4dWLVKVrDbFlYA0KiRTM6vWCGP+KicPw+8+iqwcKHe2qjcMbBChc8HTJ4MjBkD5Oc7r3s8ci0jA+jfX399ZcnjAQYOlOcZR45Uz7nl5cm1KVP010flhkPCUFBQIJPNixapr8fFydqrXr301qXLL78AycnAjRvq60OGyH9/adeMkXEYWLa7e1eWIWzerL7eooXM59Surbcu3S5ckHm7gwfV17t3lwn7J57QWxeVKQ4JbVZQUHRYjRghywJCPawAoE4dWTU/bJj6+qZNMhQ27VlJKhUGlq18PpmjCRRWKSnAggXh9cxddLQM/VJT1dc3beI6LcsxsGw1eTKwZImz3eMBvv028C9tOEhJkQWzqp0dFi0CPvlEf01UJjiHZaN58+SOn7+ICNmBoV8//TWZaOVKYPBg4MED57UFC2TITFZhYNnm0CFZY6TaouX774Hx4/XXZLL589XDwKgomd9r0UJ/TRQ0Dglt4vUCffqow+rTTxlWKqNGAZMmOdvz8+WuYqClEGQkBpYtfD7ZdfPCBee1ESM4L1OUzz9X3z28dAkYPlx/PRQ0DgltMXu2PEPnr0ULGdqE093AYOTlyVD60CHntblzeffQEgwsG1y5IqfI+G8RU7UqcOSIrEGi4mVny3Fi/sPAmBh5ZKlmTXfqohLjkNAG773nDCuPB/jhB4ZVacTHAz/+6Hz28NYt4IMP3KmJSoWBZbqtW4ENG5zto0cD3brpr8d2XbuqlzOsXSvnMJLROCQ02d27sp2K/zbB1avLECYuzp26bOf1ysnT/idXN2ggGwXyYAtjsYdlssWL1Xuaz5jBsHocVaoA06Y52zMzZZhNxmIPy1T5+UC9enLr/VGtWwO7d5uz77qtfD6gfXvZDPBR8fHyh0R0tDt1UZHYwzJVWpozrCIi5BY8w+rxeTzyZID/e5mdLdvQkJHYwzJRQYEcVpqVVbi9Rw/1BDwFr3t3544XdevKbqbldQ4jBY09LBNt3OgMK49HjuuisqV6bOfsWdmKhozDwDKRauK3UyegSRP9tYS6Zs2Ajh2d7cuW6a+FisUhoWmuXpWJX/+dMdPTZcKdyt7u3XLs2aMiI+UJg0An85Ar2MMyzapVzrCqW1eO7qLy0aaNnGX4qPv3gTVr3KmHAmJgmWblSmfbwIG8M1iePB5gwABne1qa/lqoSBwSmuTUKeD55wu3eTwyCezfA6CydeaMrHT3/3U4fVrayQjsYZlE9Sxby5YMKx3q1QNeftnZ/scf+muhgBhYJtm509nWpYv+OsJV587ONtVnQq5hYJmioEA24vPXrp3+WsJV+/bOtl271IdYkCsYWKY4dgzIySncFhfHtVc6NW8OxMYWbrtxQ3ZwICMwsEyxb5+zrXVrPh6iU2SkevnI3r36ayElBpYpTp1ytnHtlX6q91z12ZArGFimyMx0tiUl6a8j3CUmOtv8n+sk1zCwTHH6tLON63/0U73nqs+GXMGFoybweuUEnEdFRwN37si8CumTnw9UqiR/fVRurnNCnrRjD8sEqm2QExIYVm6IilIv1FV9RqQdA8sEquPSa9XSXwcJ1XvPI+2NwMAywa1bzjYOP9wTE+Ns8z8XklzBwDKBKrAqV9ZfBwlVYKk+I9KOgWUC1Z/eql8a0oOBZSwGlglUvwwMLPeohuM3b+qvgxwYWERkDQaWCTgEMYuqN8WbIEZgYJmAgWUWDtGNxcAygeqOIAPLPQwsYzGwTMAellm4zMRYDCwTPPmks+3yZf11kMjOdrapPiPSjg8/myA3F6hSpXAbH352Bx9+Nhp7WCaIi3OeMJyXB1y86E494ez8eWdY1ajBsDIEA8sUqn2YVJv6UfnivmRGY2CZomFDZxu35tUvI8PZVr++/jpIiYFlCtXWvDz8QD/Ve86tqo3BwDKF6vCDPXvkvELS4/79wKcXkREYWKZo3Ni5TXJuLnDkiDv1hKODB52P5Tz1FNCokTv1kAMDyxQREUCbNs52HpWuj+q9bttWPhsyAj8Jk6iOpd+yRX8d4Ur1Xqs+E3INF46aJCPDOcHr8cgBCAkJ7tQULrKy1MsXsrKAevX010NK7GGZJDERePHFwm0+H7BypTv1hJO0NGdb06YMK8MwsEwzcKCzbflyCS4qHz4fsHq1s131WZCrOCQ0zbVrQHy83GJ/1O7d6kl5eny7djnnqiIjgb/+Ap55xp2aSIk9LNNUrw506OBs/+Yb/bWEi9RUZ1vHjgwrAzGwTDR0qLPtt9+4Jqs8HDwIbNvmbE9O1l8LFYuBZaLu3dV3rL76Sn8toe7LL51tDRsC3brpr4WKxcAyUYUKwIQJzvbNm4GTJ/XXE6qOHQN+/dXZPnEiF4saipPupsrPl10C/PfEatUKSE+X9VkUPJ9PVrGnpxdur1NH1l5x40Qj8Y8RU0VFAR9+6GzfuxdYtUp/PaFm+XJnWAFASgrDymDsYZksL08WkvpvKletmrT5b6tMJZOTI/NU//xTuL1+fRlyV6zoTl1ULPawTBYdDcye7Wy/fl3mWSg4KSnOsAKABQsYVoZjYJmuQwegd29n+4IFwM8/66/Hdhs2AIsXO9v795c5LTIah4Q2+PtvGcLk5hZur1IFOHpUJoqpeOfOyfOB/u9jbKw8eF6jhjt1UYmxh2WDZ59Vr8HyeoG+fWWui4p27x7Qp48zrABg2jSGlSUYWLYYPRro0cPZfvAgMGYMH44uis8HjBqlflKgd29gxAj9NVFQOCS0idcrQ5rz553XJk0CvvhCf002mDhR/bxgQoKEWFyc/pooKAws2xw+DLRsqR4Gfvcd8O67+msy2bx50gP1V7EisH8/0KSJ/pooaBwS2qZZM2DWLPW199/nZn+PSksDxo5VX5szh2FlIQaWjUaMAKZMcbY/eAAMGgTMnKm/JtPMmQMMGSLvib/PPgOGDdNfEz02DgltNm6cemEpIIsjv/46/J459PmAqVPlS2XkSGD+fL01UZlhYNmsoADo1QvYtEl9fdgwYO5cWTEfDu7dk7uBy5apr/fsCaxdK7thkJUYWLa7dw/o1y9waDVvDvz0U+gvLj13TtZZBdrksGdPmd/jozdW4xyW7SpWBNavl6GOyqFDwEsvAevW6a1Lp82bJZgDhVVyMrBmDcMqBDCwQkGFCjIvo5qIB+T49b59Zbjk9eqtrTzl5ADDh8sOrTk56tdMnQosXcotY0IEh4ShZuFCYPx4GSqqVKsGTJ8OvPWWvRPyPp/sZxVo1wVAelNz5vBuYIhhYIWiw4dlPke1Iv4/bdrIeq5GjfTVVRaOH5e1Vfv2BX5N3boyb8d1ViGHQ8JQ1KyZ7Ffep0/g16Sny9xW167AgQP6agvW8ePy3F+TJkWHVffuMm/HsApJDKxQFRsrt/DnzgViYtSv8fmALVuAFi2ATp3ksFaTOtw+nxxy2rEj0Lix3FwIVF9s7MM9wrgTa8jikDAcXLsm8z1pacW/tlYt2cwuOVm2DHbDpUsStkuWAGfPFv/6Ll3kmcFatcq/NnIVAyuc7NgBvPMOkJlZste/8grQubMc4968efndabt/X7bJ2blTenwlHaImJkoPkjuFhg0GVrjJy5Oey/TpziPEihITA7RuLceMJSbKDqh16sjpPqWRny83AzIzZZfPPXvk6/btkn+POnWkx5icXPqfT1ZjYIWr/Hw5Liw1teQ9Ln9RURIe8fGyp1Tlyg+/AAmh/768XuDyZeDCBfnZwWjYUPa26t+f66rCFAMr3D14IBPVy5YB27bJ8MwkkZEy6Z6cLMfH80TmsMbAoodu3JBTZVasAP78091akpJkq5zBg2VPeyIwsCiQrCxg+3ZZVrB7N/Dvv+X7855+WhaztmsHvPYaUK9e+f48shIDi4r34AFw4oRMjmdkSJidPi3LJYJRowbQoIEsm0hKksn8Ro043KNiMbAoeDdvAmfOyIPHXi9w587DSXbg4QR8pUqymLNqVek5xca6WzdZi4FFRNZgH5yIrMHAIiJrMLCIyBoMLCKyBgOLiKzBwCIiazCwiMgaDCwisgYDi4iswcAiImswsIjIGgwsIrIGA4uIrMHAIiJrMLCIyBoMLCKyBgOLiKzBwCIiazCwiMgaDCwisgYDi4is8X8jD60vQEDQtwAAAABJRU5ErkJggg=="`;

exports[`should preview a blue circle on the top left 1`] = `"data:image/png;base64,iVBORw0KGgoAAAANSUhEUgAAASwAAACWCAYAAABkW7XSAAAABmJLR0QA/wD/AP+gvaeTAAAGAUlEQVR4nO3dv2td9R/H8VeCtNgfdpAipRZUNGYpYl38gWAUfy1a1Lr1H1Cwg6BURZ38Mfhr0EUnfw5mFANKi4tFi5TaJXaIaKikgwpqVaI2cfhQDpXvt1jsvee+k8cDQs4pDfc9Pfncc8/9nLHl5eXlFPbYY8mzz7bjZ55J9u7tdx5gcMb7HuC/+vnn7viCC/qbAxi88sH65ZfueOPG/uYABk+wgDLKB+vEie54w4b+5gAGr3ywjh3rjjdv7m8OYPDGKn9KePJksn59sriYjI21C/BWWbBylV5hff11i1WSXHyxWMFKVzpYR492x1de2d8cwHCsmGBNTPQ3BzAcpYN14EB3vH17f3MAw1H2ovvSUnLRRcn337fz2dlkcrLfmYDBKrvCOny4i9WWLWIFq0HZYO3b1x3fckt/cwDDUzZYH3/cHU9N9TcHMDwlr2EtLCTbtrUbR8fHk/n5ZOvWvqcCBq3kCuudd1qskra6EitYHUoG6623uuPdu/ubAxiucm8JjxxJrrqqHa9blxw/blsZWC3KrbBefrk73rlTrGA1KbXC+vbb5Iorkj//bOeffppcf32/MwHDU2qF9fzzXaxuvlmsYLUps8I6fjy57LLk99/b+b59LVrA6lFmhfXUU12srr1WrGA1KrHC+vzz9vZvaamdz8wkd9zR70zA8I38CmtpKXnooS5Wd98tVrBajXywXnstOXiwHZ9/fvLSS/3OA/RnpIM1N5c8/nh3/sQTyaWX9jcP0K+RvYa1uNiuWx061M4nJ5Mvv0zWrOl3LqA/I7vCevjhLlZr17YvPIsVrG4jGazp6eTVV7vzF19Mduzobx5gNIzcW8KDB9s9Vr/+2s7vuy95//1+ZwJGw0gFa3Y2ufHG5Icf2vnllydffJFs2tTvXMBoGJm3hN99l9x5ZxerzZuTDz4QK6AzEsE6diy59da2G0PStoyZmfE0Z+B0vQdrdja54Yb2O2mfBE5PJ9dc0+9cwOjpNViffdauWc3Pt/M1a5L33ktuu63PqYBR1Vuwpqfb8wRPXbPauDH58MPknnv6mggYdUMP1uJismdPsmtX8ttv7d8uvDD56CMPRAXO7LxhvtjcXHL//d0d7Em7dWFmpv0GOJOhrLBOnmx3ru/YcXqsdu1q91mJFfBvDHyFdehQ8sADbRO+U9aubfuz79kz6FcHVpKBBWthIXn66eSNN7rN95K268K77yZXXz2oVwZWqnMerPn55IUXktdf7/ZgT9rme488kuzd21ZYAGfrnAXryJH2kNO33+4exXXKXXclr7ySXHLJuXo1YDX6T8FaWGhv7958swXrn667LnnySXuwA+fGWQVraSk5fDjZv7/dN7V/f/sE8J+mptp2xh7FBZxL/zdYf/2VfPNNcvRo8tVXyYEDySefJD/++L///7p1yc6dyYMPeiIzMBhjjz66vHziRHLq56ef2lYvc3PJH3+c+Y/Hx5Obbkp2707uvbd9vQZgUMaSs9vAb8uW9hWaqank9tuTrVsHNRrA6c54DWvbtrYn1cREsn17W01NTg5rNIDTnffcc8mGDd3Ppk3ty8gTE8n69X2PB9AZqT3dAc6k9x1HAf4twQLKECygDMECyhAsoAzBAsoQLKAMwQLKECygDMECyhAsoAzBAsoQLKAMwQLKECygDMECyhAsoAzBAsoQLKAMwQLKECygDMECyhAsoAzBAsoQLKAMwQLKECygDMECyhAsoAzBAsoQLKAMwQLKECygDMECyhAsoAzBAsoQLKAMwQLKECygDMECyhAsoAzBAsoQLKAMwQLKECygDMECyhAsoAzBAsoQLKAMwQLKECygDMECyhAsoAzBAsoQLKAMwQLKECygDMECyhAsoAzBAsoQLKAMwQLKECygDMECyhAsoAzBAsoQLKAMwQLKECygDMECyhAsoAzBAsoQLKAMwQLKECygDMECyhAsoAzBAsoQLKAMwQLKECygDMECyhAsoAzBAsoQLKAMwQLKECygDMECyhAsoAzBAsoQLKAMwQLKECygDMECyhAsoAzBAsoQLKCMvwFGoTx8rHkIYgAAAABJRU5ErkJggg=="`;

exports[`should preview a red circle in the middle 1`] = `"data:image/png;base64,iVBORw0KGgoAAAANSUhEUgAAASwAAACWCAYAAABkW7XSAAAABmJLR0QA/wD/AP+gvaeTAAAPPUlEQVR4nO3deWyUxR8G8GdLW0ygLagRgVDkV65Wg3JFDALhUIJAhHCDHBbCKaDxKAhB8awcarhPEcolh2AkUQ6BApJwH39QWu6CICbSLUcCLWV/f3xjoPvO9ljaeWd2n0/SqPOu7ddd+zAz77wzHp/P5wMRkQUi3C6AiKikGFhEZA0GFhFZg4FFRNZgYBGRNRhYRGQNBhYRWYOBRUTWYGARkTUYWERkDQYWEVmDgUVE1mBgEZE1GFhEZA0GFhFZg4FFRNZgYBGRNRhYRGQNBhYRWYOBRUTWYGARkTUi3S6ALOb1AllZQG6u/P3t28CdO/IFAJUqyVflykCVKkBcHFC/vvw9URAYWFS8ggLg+HFgzx4gI0NC6vRp4Pr14L5ftWpAw4ZAgwZAYiLQqhXQuDEQwQ4/Fc3DcwlJ6dQpYMcOYOdOCaqcnPL9eVWrAm3aAO3aAR06SJAR+WFg0UPXrgHr1gErVgBHj7pbS1ISMGiQfFWv7m4tZAwGVrgrKAA2bgSWLQO2b5d/NkmFCsDrrwNvvw306MFhY5hjYIWrvDxg5UogNRU4cya47xEdDSQkADVrypCucuWHE+2ATL7/NxGfkwNcuQKcPy8/Oxj16wMTJwIDBgBRUcF9D7IaAyvc3L0LLF4MzJgBZGeX/N+LiwNat5YJ8qQkmTB/7jkgspT3be7fBy5cADIzZQJ/714gPR24ebPk36N2beCjj4ChQ4GKFUv388lqDKxwsnUrMHZsyXpUHg/QsiXQpQvQti3QtKkMz8pDQQFw+DCwaxewZQuwfz9Qkv8tGzQA5syRSXoKCwyscHD1KjBhApCWVvxr4+OBfv2AYcOAunXLvzaV7GxgzRpg6dKShWuXLsDcuVI7hTQGVijz+aQH8vHHMpcUiMcDdOoEpKTIkM/j0VdjUXw+WVKRmgr8/nvRr42JkdeNHq2nNnIFAytU3bwpvaT16wO/JiICeOMNYMoUoHlzfbUF48QJYOZMYPXqou9kvvmm3PGsWlVfbaQNAysUHTgA9O0LXLwY+DVt2wKzZgEvvKCvrrJw8iQwbpxM1Afyv/8Ba9eaH8JUalzUEmrmzZNhXaCwql4dWLVKVrDbFlYA0KiRTM6vWCGP+KicPw+8+iqwcKHe2qjcMbBChc8HTJ4MjBkD5Oc7r3s8ci0jA+jfX399ZcnjAQYOlOcZR45Uz7nl5cm1KVP010flhkPCUFBQIJPNixapr8fFydqrXr301qXLL78AycnAjRvq60OGyH9/adeMkXEYWLa7e1eWIWzerL7eooXM59Surbcu3S5ckHm7gwfV17t3lwn7J57QWxeVKQ4JbVZQUHRYjRghywJCPawAoE4dWTU/bJj6+qZNMhQ27VlJKhUGlq18PpmjCRRWKSnAggXh9cxddLQM/VJT1dc3beI6LcsxsGw1eTKwZImz3eMBvv028C9tOEhJkQWzqp0dFi0CPvlEf01UJjiHZaN58+SOn7+ICNmBoV8//TWZaOVKYPBg4MED57UFC2TITFZhYNnm0CFZY6TaouX774Hx4/XXZLL589XDwKgomd9r0UJ/TRQ0Dglt4vUCffqow+rTTxlWKqNGAZMmOdvz8+WuYqClEGQkBpYtfD7ZdfPCBee1ESM4L1OUzz9X3z28dAkYPlx/PRQ0DgltMXu2PEPnr0ULGdqE093AYOTlyVD60CHntblzeffQEgwsG1y5IqfI+G8RU7UqcOSIrEGi4mVny3Fi/sPAmBh5ZKlmTXfqohLjkNAG773nDCuPB/jhB4ZVacTHAz/+6Hz28NYt4IMP3KmJSoWBZbqtW4ENG5zto0cD3brpr8d2XbuqlzOsXSvnMJLROCQ02d27sp2K/zbB1avLECYuzp26bOf1ysnT/idXN2ggGwXyYAtjsYdlssWL1Xuaz5jBsHocVaoA06Y52zMzZZhNxmIPy1T5+UC9enLr/VGtWwO7d5uz77qtfD6gfXvZDPBR8fHyh0R0tDt1UZHYwzJVWpozrCIi5BY8w+rxeTzyZID/e5mdLdvQkJHYwzJRQYEcVpqVVbi9Rw/1BDwFr3t3544XdevKbqbldQ4jBY09LBNt3OgMK49HjuuisqV6bOfsWdmKhozDwDKRauK3UyegSRP9tYS6Zs2Ajh2d7cuW6a+FisUhoWmuXpWJX/+dMdPTZcKdyt7u3XLs2aMiI+UJg0An85Ar2MMyzapVzrCqW1eO7qLy0aaNnGX4qPv3gTVr3KmHAmJgmWblSmfbwIG8M1iePB5gwABne1qa/lqoSBwSmuTUKeD55wu3eTwyCezfA6CydeaMrHT3/3U4fVrayQjsYZlE9Sxby5YMKx3q1QNeftnZ/scf+muhgBhYJtm509nWpYv+OsJV587ONtVnQq5hYJmioEA24vPXrp3+WsJV+/bOtl271IdYkCsYWKY4dgzIySncFhfHtVc6NW8OxMYWbrtxQ3ZwICMwsEyxb5+zrXVrPh6iU2SkevnI3r36ayElBpYpTp1ytnHtlX6q91z12ZArGFimyMx0tiUl6a8j3CUmOtv8n+sk1zCwTHH6tLON63/0U73nqs+GXMGFoybweuUEnEdFRwN37si8CumTnw9UqiR/fVRurnNCnrRjD8sEqm2QExIYVm6IilIv1FV9RqQdA8sEquPSa9XSXwcJ1XvPI+2NwMAywa1bzjYOP9wTE+Ns8z8XklzBwDKBKrAqV9ZfBwlVYKk+I9KOgWUC1Z/eql8a0oOBZSwGlglUvwwMLPeohuM3b+qvgxwYWERkDQaWCTgEMYuqN8WbIEZgYJmAgWUWDtGNxcAygeqOIAPLPQwsYzGwTMAellm4zMRYDCwTPPmks+3yZf11kMjOdrapPiPSjg8/myA3F6hSpXAbH352Bx9+Nhp7WCaIi3OeMJyXB1y86E494ez8eWdY1ajBsDIEA8sUqn2YVJv6UfnivmRGY2CZomFDZxu35tUvI8PZVr++/jpIiYFlCtXWvDz8QD/Ve86tqo3BwDKF6vCDPXvkvELS4/79wKcXkREYWKZo3Ni5TXJuLnDkiDv1hKODB52P5Tz1FNCokTv1kAMDyxQREUCbNs52HpWuj+q9bttWPhsyAj8Jk6iOpd+yRX8d4Ur1Xqs+E3INF46aJCPDOcHr8cgBCAkJ7tQULrKy1MsXsrKAevX010NK7GGZJDERePHFwm0+H7BypTv1hJO0NGdb06YMK8MwsEwzcKCzbflyCS4qHz4fsHq1s131WZCrOCQ0zbVrQHy83GJ/1O7d6kl5eny7djnnqiIjgb/+Ap55xp2aSIk9LNNUrw506OBs/+Yb/bWEi9RUZ1vHjgwrAzGwTDR0qLPtt9+4Jqs8HDwIbNvmbE9O1l8LFYuBZaLu3dV3rL76Sn8toe7LL51tDRsC3brpr4WKxcAyUYUKwIQJzvbNm4GTJ/XXE6qOHQN+/dXZPnEiF4saipPupsrPl10C/PfEatUKSE+X9VkUPJ9PVrGnpxdur1NH1l5x40Qj8Y8RU0VFAR9+6GzfuxdYtUp/PaFm+XJnWAFASgrDymDsYZksL08WkvpvKletmrT5b6tMJZOTI/NU//xTuL1+fRlyV6zoTl1ULPawTBYdDcye7Wy/fl3mWSg4KSnOsAKABQsYVoZjYJmuQwegd29n+4IFwM8/66/Hdhs2AIsXO9v795c5LTIah4Q2+PtvGcLk5hZur1IFOHpUJoqpeOfOyfOB/u9jbKw8eF6jhjt1UYmxh2WDZ59Vr8HyeoG+fWWui4p27x7Qp48zrABg2jSGlSUYWLYYPRro0cPZfvAgMGYMH44uis8HjBqlflKgd29gxAj9NVFQOCS0idcrQ5rz553XJk0CvvhCf002mDhR/bxgQoKEWFyc/pooKAws2xw+DLRsqR4Gfvcd8O67+msy2bx50gP1V7EisH8/0KSJ/pooaBwS2qZZM2DWLPW199/nZn+PSksDxo5VX5szh2FlIQaWjUaMAKZMcbY/eAAMGgTMnKm/JtPMmQMMGSLvib/PPgOGDdNfEz02DgltNm6cemEpIIsjv/46/J459PmAqVPlS2XkSGD+fL01UZlhYNmsoADo1QvYtEl9fdgwYO5cWTEfDu7dk7uBy5apr/fsCaxdK7thkJUYWLa7dw/o1y9waDVvDvz0U+gvLj13TtZZBdrksGdPmd/jozdW4xyW7SpWBNavl6GOyqFDwEsvAevW6a1Lp82bJZgDhVVyMrBmDcMqBDCwQkGFCjIvo5qIB+T49b59Zbjk9eqtrTzl5ADDh8sOrTk56tdMnQosXcotY0IEh4ShZuFCYPx4GSqqVKsGTJ8OvPWWvRPyPp/sZxVo1wVAelNz5vBuYIhhYIWiw4dlPke1Iv4/bdrIeq5GjfTVVRaOH5e1Vfv2BX5N3boyb8d1ViGHQ8JQ1KyZ7Ffep0/g16Sny9xW167AgQP6agvW8ePy3F+TJkWHVffuMm/HsApJDKxQFRsrt/DnzgViYtSv8fmALVuAFi2ATp3ksFaTOtw+nxxy2rEj0Lix3FwIVF9s7MM9wrgTa8jikDAcXLsm8z1pacW/tlYt2cwuOVm2DHbDpUsStkuWAGfPFv/6Ll3kmcFatcq/NnIVAyuc7NgBvPMOkJlZste/8grQubMc4968efndabt/X7bJ2blTenwlHaImJkoPkjuFhg0GVrjJy5Oey/TpziPEihITA7RuLceMJSbKDqh16sjpPqWRny83AzIzZZfPPXvk6/btkn+POnWkx5icXPqfT1ZjYIWr/Hw5Liw1teQ9Ln9RURIe8fGyp1Tlyg+/AAmh/768XuDyZeDCBfnZwWjYUPa26t+f66rCFAMr3D14IBPVy5YB27bJ8MwkkZEy6Z6cLMfH80TmsMbAoodu3JBTZVasAP78091akpJkq5zBg2VPeyIwsCiQrCxg+3ZZVrB7N/Dvv+X7855+WhaztmsHvPYaUK9e+f48shIDi4r34AFw4oRMjmdkSJidPi3LJYJRowbQoIEsm0hKksn8Ro043KNiMbAoeDdvAmfOyIPHXi9w587DSXbg4QR8pUqymLNqVek5xca6WzdZi4FFRNZgH5yIrMHAIiJrMLCIyBoMLCKyBgOLiKzBwCIiazCwiMgaDCwisgYDi4iswcAiImswsIjIGgwsIrIGA4uIrMHAIiJrMLCIyBoMLCKyBgOLiKzBwCIiazCwiMgaDCwisgYDi4is8X8jD60vQEDQtwAAAABJRU5ErkJggg=="`;
