// Jest Snapshot v1, https://goo.gl/fbAQLP

exports[`should draw a blue x cross 1`] = `"data:image/png;base64,iVBORw0KGgoAAAANSUhEUgAAASwAAACWCAYAAABkW7XSAAAABmJLR0QA/wD/AP+gvaeTAAAEcUlEQVR4nO3dvWpUWxjH4dfRXvEOgiQYP8BGULAQvJIEbfSGBEWvRUhjqRIRPxAVLGxSC3HmFMOQxIRzosnstf77PE+3d4pZzftjhZm99pnZbDYrgACT1gsAOC7BAmIIFhBDsIAYggXEECwghmABMQQLiCFYQAzBAmIIFhBDsIAYggXEECwghmABMQQLiCFYQAzBAmIIFhBDsIAYggXEECwghmABMQQLiCFYQAzBAmIIFhBDsIAYggXEECwghmABMQQLiCFYQAzBAmIIFhBDsIAYggXEECwghmABMQQLiCFYQAzBAmIIFhBDsIAYggXEECwgRpNgff5ctbvb4pOPZzqt2tlpvQrgd4MH6+3bqvX1qitX+ozWbFb16FHV7dtV37+3Xg2w35nZbDYb6sM+faq6erXq58/59dpa1fZ21blzQ63g302nVQ8eVD17Nr9eX6/a2qq6eLHtuoC5QXdYKytVly7tXb9/389Oa7GzWsSqqurWraoLF9qtCTho0GBNJlVv3swjtfDhQ/tozWZVDx9WPX68d29jo+rp0/magT4MPo69RUusIEeTkewlWmIFWZqNZetoiRXkaTqaraIlVpCp+XgOHS2xglxdjOhQ0RIryNbNmC47WmIF+boa1WVFS6xgHLob19OOlljBeHQ5sqcVLbGCcel2bE8aLbGC8el6dP82WmIF49T9+P5ptMQKxitihI8bLbGCcRv0AL+Tmk6rrl+fn1q6sLo6vz57Vqxg7KKCVVX161fVtWtV797t3Vtdrbpzp+r58717m5tVT56IFYxJXLCqjt5p7WdnBeMUOdKTSdXr11WXLx/+m1jBeMWO9WRSdffu4ftbW/MdGDA+kcE66tvAhR7OiAeWIy5Y02nV/fsHY7W5efDfQ9GCcYoK1lGv4trYmH8buL3d/ox4YLligvVfPwptfUY8sHwRwTruL9hFC8at+2D96eM2ogXj1XWw/vbZQNGCceo2WCd9kFm0YHy6DNZpnbogWjAu3QXrtI+IES0Yj66CtazzrEQLxqGbYC378D3RgnxdBGuok0JFC7I1D9bQxxqLFuRqGqxWZ7CLFmRqFqzWL4wQLcjTJFitY7UgWpBl8GD1EqsF0YIcgyait1gtiBZkGDQTOztVL17sXW9uto/VwmRS9epV1dra3r2vX6u+fGm3JuCgwV/z9eNH1b17VTdv9hOr/RavEPv4serly6obN1qvCFho8l7CnZ2q8+f7i9XC7m7Vt29VKyutVwLsF/kiVeD/qdM9DsBhggXEECwghmABMQQLiCFYQAzBAmIIFhBDsIAYggXEECwghmABMQQLiCFYQAzBAmIIFhBDsIAYggXEECwghmABMQQLiCFYQAzBAmIIFhBDsIAYggXEECwghmABMQQLiCFYQAzBAmIIFhBDsIAYggXEECwghmABMQQLiCFYQAzBAmIIFhBDsIAYggXEECwghmABMQQLiCFYQAzBAmIIFhBDsIAYggXEECwghmABMQQLiCFYQAzBAmIIFhDjHwYaEyMv61sqAAAAAElFTkSuQmCC"`;

exports[`should draw a red x cross in the middle 1`] = `"data:image/png;base64,iVBORw0KGgoAAAANSUhEUgAAASwAAACWCAYAAABkW7XSAAAABmJLR0QA/wD/AP+gvaeTAAAFbElEQVR4nO3dvWoUbRTA8ZMvCCJWQgJpLIxgrsFGIWAI6pW8lRdhY5vWezAiCoGk8B4sTG0hdhYSMHHeYh2M+dhsdic7e57n9yszzWn2z5nJfMw1TdMEQALzfQ8AMCrBAtIQLCANwQLSECwgDcEC0hAsIA3BAtIQLCANwQLSECwgDcEC0hAsIA3BAtIQLCANwQLSECwgDcEC0hAsIA3BAtIQLCANwQLSECwgDcEC0hAsIA3BAtIQLCANwQLSECwgDcEC0hAsIA3BAtIQLCANwQLSECwgDcEC0hCs0hwd9T3B7Dg+7nsCOiZYJdnZibhzJ+L9+74n6d/hYcTGRsT+ft+T0KG5pmmavoegAzs7Ef/9F9E0EfPzEbu7EdvbfU/Vj8PDiMePI75+jbh1K+Ldu4gnT/qeig7YsEpwOlYREb9/Rzx/XuemdTpWERE/f0Y8e2bTKoQNK7ujo8Fp4K9f548tLER8+BCxuTn9ufpwNlanra9HfP4csbg4/bnojA0ru+XlwSa1sHD+2MlJxNOndWxaw2K1uhrx9q1YFUCwSrC5OdikLopWDaeHV8Vqfz/i4cPpz0XnBKsUtUZLrKoiWCWpLVpiVR3BKk0t0RKrKglWiUqPllhVS7BKVWq0xKpqglWy0qIlVtUTrNKVEi2xIgSrDtmjJVb8IVi1yBotseIUwapJtmiJFWcIVm2yREusuIBg1WjWoyVWXEKwajWr0RIrhhCsms1atMSKKwhW7WYlWmLFCASL/qMlVoxIsBjoK1pixTUIFn9NO1pixTUJFv+aVrTEijEIFufddLTEijEJFhe7qWiJFRMQLC7XdbTEigkJFsN1FS2xogOCxdUmjZZY0RHBYjTjRkus6JBgMbrrRkus6Nhc0zRN30OQzN5exNZWxMnJ+WPz8xG7uxEPHogVnRMsxjMsWgsLEXfvRnz7dv7Y2lrEwUHE+vrNz0hxBIvxDYvWRWxWTMg1LMY37JrWWWJFB2xYTO6qTWtlJeLTJ6eBTMyGxeTu3Rtcs7rM9+8RX75Mbx6KJVhMpr114aIL7K1Z+LAFRRAsxjfsPquzRIsOCBbjGRarlZXLby598SLi48ebn48iCRbXd9Ud7AcHl//38OQkYnvbpsVYBIvrGfVxm74/bEGRBIvRXffZQNGiY4LFaMZ9kFm06JBgcbVJ37ogWnREsBiuq1fEiBYdECwu1/X7rESLCQkWF7upl++JFhMQLM676TeFihZjEiz+Na3XGosWYxAs/pr2O9hFi2sSLAb6+mCEaHENgkX/X7cRLUYkWLXrO1Yt0WIEglWzWYlVS7S4gmDVatZi1RIthhCsGs1qrFqixSUEqzazHquWaHEBwapJlli1RIszBKsW2WLVEi1OEawaZI1VS7T4Q7BKlz1WLdEiBKtspcSqJVrVE6xSlRarlmhVTbBKVGqsWqJVLcEqTemxaolWlQSrJLXEqiVa1RGsUtQWq5ZoVUWwSlBrrFqiVY25pmmavodgAsfHERsbg2idtbYWcXAQsb4+/bn6sLcXsbUVcXJy/tjSUsSPHxHLy9Ofi87YsLJbXIx48ybi9u1//766OvgB1xKriOGb1qtXYlUAwSrBo0eDH2obrRpOAy9zUbRev454+bK/meiMYJWijdb9+/XGqtVGa2lJrArjGlZpjo8Hp4lEHB05DSyMYAFpOCUE0hAsIA3BAtIQLCANwQLSECwgDcEC0hAsIA3BAtIQLCANwQLSECwgDcEC0hAsIA3BAtIQLCANwQLSECwgDcEC0hAsIA3BAtIQLCANwQLSECwgDcEC0hAsIA3BAtIQLCANwQLSECwgDcEC0hAsIA3BAtIQLCANwQLSECwgjf8BWTdqFvla8cMAAAAASUVORK5CYII="`;

exports[`should preview a blue x cross 1`] = `"data:image/png;base64,iVBORw0KGgoAAAANSUhEUgAAASwAAACWCAYAAABkW7XSAAAABmJLR0QA/wD/AP+gvaeTAAAEcUlEQVR4nO3dvWpUWxjH4dfRXvEOgiQYP8BGULAQvJIEbfSGBEWvRUhjqRIRPxAVLGxSC3HmFMOQxIRzosnstf77PE+3d4pZzftjhZm99pnZbDYrgACT1gsAOC7BAmIIFhBDsIAYggXEECwghmABMQQLiCFYQAzBAmIIFhBDsIAYggXEECwghmABMQQLiCFYQAzBAmIIFhBDsIAYggXEECwghmABMQQLiCFYQAzBAmIIFhBDsIAYggXEECwghmABMQQLiCFYQAzBAmIIFhBDsIAYggXEECwghmABMQQLiCFYQAzBAmIIFhBDsIAYggXEECwgRpNgff5ctbvb4pOPZzqt2tlpvQrgd4MH6+3bqvX1qitX+ozWbFb16FHV7dtV37+3Xg2w35nZbDYb6sM+faq6erXq58/59dpa1fZ21blzQ63g302nVQ8eVD17Nr9eX6/a2qq6eLHtuoC5QXdYKytVly7tXb9/389Oa7GzWsSqqurWraoLF9qtCTho0GBNJlVv3swjtfDhQ/tozWZVDx9WPX68d29jo+rp0/magT4MPo69RUusIEeTkewlWmIFWZqNZetoiRXkaTqaraIlVpCp+XgOHS2xglxdjOhQ0RIryNbNmC47WmIF+boa1WVFS6xgHLob19OOlljBeHQ5sqcVLbGCcel2bE8aLbGC8el6dP82WmIF49T9+P5ptMQKxitihI8bLbGCcRv0AL+Tmk6rrl+fn1q6sLo6vz57Vqxg7KKCVVX161fVtWtV797t3Vtdrbpzp+r58717m5tVT56IFYxJXLCqjt5p7WdnBeMUOdKTSdXr11WXLx/+m1jBeMWO9WRSdffu4ftbW/MdGDA+kcE66tvAhR7OiAeWIy5Y02nV/fsHY7W5efDfQ9GCcYoK1lGv4trYmH8buL3d/ox4YLligvVfPwptfUY8sHwRwTruL9hFC8at+2D96eM2ogXj1XWw/vbZQNGCceo2WCd9kFm0YHy6DNZpnbogWjAu3QXrtI+IES0Yj66CtazzrEQLxqGbYC378D3RgnxdBGuok0JFC7I1D9bQxxqLFuRqGqxWZ7CLFmRqFqzWL4wQLcjTJFitY7UgWpBl8GD1EqsF0YIcgyait1gtiBZkGDQTOztVL17sXW9uto/VwmRS9epV1dra3r2vX6u+fGm3JuCgwV/z9eNH1b17VTdv9hOr/RavEPv4serly6obN1qvCFho8l7CnZ2q8+f7i9XC7m7Vt29VKyutVwLsF/kiVeD/qdM9DsBhggXEECwghmABMQQLiCFYQAzBAmIIFhBDsIAYggXEECwghmABMQQLiCFYQAzBAmIIFhBDsIAYggXEECwghmABMQQLiCFYQAzBAmIIFhBDsIAYggXEECwghmABMQQLiCFYQAzBAmIIFhBDsIAYggXEECwghmABMQQLiCFYQAzBAmIIFhBDsIAYggXEECwghmABMQQLiCFYQAzBAmIIFhBDsIAYggXEECwghmABMQQLiCFYQAzBAmIIFhDjHwYaEyMv61sqAAAAAElFTkSuQmCC"`;

exports[`should preview a red x cross in the middle 1`] = `"data:image/png;base64,iVBORw0KGgoAAAANSUhEUgAAASwAAACWCAYAAABkW7XSAAAABmJLR0QA/wD/AP+gvaeTAAAFbElEQVR4nO3dvWoUbRTA8ZMvCCJWQgJpLIxgrsFGIWAI6pW8lRdhY5vWezAiCoGk8B4sTG0hdhYSMHHeYh2M+dhsdic7e57n9yszzWn2z5nJfMw1TdMEQALzfQ8AMCrBAtIQLCANwQLSECwgDcEC0hAsIA3BAtIQLCANwQLSECwgDcEC0hAsIA3BAtIQLCANwQLSECwgDcEC0hAsIA3BAtIQLCANwQLSECwgDcEC0hAsIA3BAtIQLCANwQLSECwgDcEC0hAsIA3BAtIQLCANwQLSECwgDcEC0hCs0hwd9T3B7Dg+7nsCOiZYJdnZibhzJ+L9+74n6d/hYcTGRsT+ft+T0KG5pmmavoegAzs7Ef/9F9E0EfPzEbu7EdvbfU/Vj8PDiMePI75+jbh1K+Ldu4gnT/qeig7YsEpwOlYREb9/Rzx/XuemdTpWERE/f0Y8e2bTKoQNK7ujo8Fp4K9f548tLER8+BCxuTn9ufpwNlanra9HfP4csbg4/bnojA0ru+XlwSa1sHD+2MlJxNOndWxaw2K1uhrx9q1YFUCwSrC5OdikLopWDaeHV8Vqfz/i4cPpz0XnBKsUtUZLrKoiWCWpLVpiVR3BKk0t0RKrKglWiUqPllhVS7BKVWq0xKpqglWy0qIlVtUTrNKVEi2xIgSrDtmjJVb8IVi1yBotseIUwapJtmiJFWcIVm2yREusuIBg1WjWoyVWXEKwajWr0RIrhhCsms1atMSKKwhW7WYlWmLFCASL/qMlVoxIsBjoK1pixTUIFn9NO1pixTUJFv+aVrTEijEIFufddLTEijEJFhe7qWiJFRMQLC7XdbTEigkJFsN1FS2xogOCxdUmjZZY0RHBYjTjRkus6JBgMbrrRkus6Nhc0zRN30OQzN5exNZWxMnJ+WPz8xG7uxEPHogVnRMsxjMsWgsLEXfvRnz7dv7Y2lrEwUHE+vrNz0hxBIvxDYvWRWxWTMg1LMY37JrWWWJFB2xYTO6qTWtlJeLTJ6eBTMyGxeTu3Rtcs7rM9+8RX75Mbx6KJVhMpr114aIL7K1Z+LAFRRAsxjfsPquzRIsOCBbjGRarlZXLby598SLi48ebn48iCRbXd9Ud7AcHl//38OQkYnvbpsVYBIvrGfVxm74/bEGRBIvRXffZQNGiY4LFaMZ9kFm06JBgcbVJ37ogWnREsBiuq1fEiBYdECwu1/X7rESLCQkWF7upl++JFhMQLM676TeFihZjEiz+Na3XGosWYxAs/pr2O9hFi2sSLAb6+mCEaHENgkX/X7cRLUYkWLXrO1Yt0WIEglWzWYlVS7S4gmDVatZi1RIthhCsGs1qrFqixSUEqzazHquWaHEBwapJlli1RIszBKsW2WLVEi1OEawaZI1VS7T4Q7BKlz1WLdEiBKtspcSqJVrVE6xSlRarlmhVTbBKVGqsWqJVLcEqTemxaolWlQSrJLXEqiVa1RGsUtQWq5ZoVUWwSlBrrFqiVY25pmmavodgAsfHERsbg2idtbYWcXAQsb4+/bn6sLcXsbUVcXJy/tjSUsSPHxHLy9Ofi87YsLJbXIx48ybi9u1//766OvgB1xKriOGb1qtXYlUAwSrBo0eDH2obrRpOAy9zUbRev454+bK/meiMYJWijdb9+/XGqtVGa2lJrArjGlZpjo8Hp4lEHB05DSyMYAFpOCUE0hAsIA3BAtIQLCANwQLSECwgDcEC0hAsIA3BAtIQLCANwQLSECwgDcEC0hAsIA3BAtIQLCANwQLSECwgDcEC0hAsIA3BAtIQLCANwQLSECwgDcEC0hAsIA3BAtIQLCANwQLSECwgDcEC0hAsIA3BAtIQLCANwQLSECwgjf8BWTdqFvla8cMAAAAASUVORK5CYII="`;
