// Jest Snapshot v1, https://goo.gl/fbAQLP

exports[`should draw a black arrow 1`] = `"data:image/png;base64,iVBORw0KGgoAAAANSUhEUgAAASwAAACWCAYAAABkW7XSAAAABmJLR0QA/wD/AP+gvaeTAAAEc0lEQVR4nO3Yvy40fRjH4d8jEYnmqRScARXFOgJKiUa7QukYHIXQy1ZCnIJOLypKUWyHQjSS3ad5933Hy8P+mdmZe+a6yt1J9q4+me/+6vf7/QQQwEzZBwAMS7CAMAQLCEOwgDAECwhDsIAwBAsIQ7CAMAQLCEOwgDAECwhDsIAwBAsIQ7CAMAQLCEOwgDAECwhDsIAwBAsIQ7CAMAQLCEOwgDAECwhDsIAwBAsIQ7CAMAQLCEOwgDAECwhDsIAwBAsIQ7CAMAQLCEOwgDAECwhDsIAwBAsIY+hg3d7epqenpyJvAfjW0MHa3d1NS0tLaWtrK11cXKT39/ci7wL45Fe/3+//9NDNzU1aW1v78Nni4mLa2dlJe3t7aXV1tbADAQaGesN6fX1NrVbrw2fdbjcdHR2ltbW1tL6+nk5OTkxGoFBDvWEN3N3dpbOzs3R6epoeHh4+fT83N5c2NzdTu91O29vbaXZ2NtdjgWYbKVgDvV4vXV1dpU6nky4vL9Pb29unZ0xGIG9jBSvr5eUlnZ+fp06nk66vr798ZmVlJbXb7bS/v58WFhYm+TmgwSYOVpbJCBQp12ANmIxAEQoJVpbJCOSl8GBlmYzAJKYarAGTERhHKcHKMhmBYZUerCyTEfhOpYI1YDICX6lksLJMRmCg8sHKMhmh2UIFa8BkhGYKGawskxGaI3ywskxGqLdaBWvAZIR6qmWwskxGqI/aByvLZITYGhWsAZMRYmpksLJMRoij8cHKMhmh2gTrCyYjVJNg/cBkhOoQrBGYjFAuwRqDyQjlEKwJmYwwPYKVI5MRiiVYBTAZoRiCVTCTEfIjWFNkMsJkBKsEJiOMR7BKZjLC8ASrQkxG+J5gVZDJCF8TrIozGeE/ghWIyUjTCVZAJiNNJVjBmYw0iWDViMlI3QlWDZmM1JVg1ZzJSJ0IVoOYjEQnWA1kMhKVYDWcyUgkgsW/TEaqTrD4xGSkqgSLb5mMVIlgMTSTkbIJFiMzGSmLYDERk5FpEixyYzJSNMEidyYjRREsCmUykifBYmpMRiYlWEydyci4BItSmYyMQrCoDJORnwgWlWMy8jeCRaWZjGQJFmGYjAgW4ZiMzSVYhGYyNotgURsmY/0JFrVjMtaXYFFrJmO9CBaNYTLGJ1g0jskYl2DRaCZjLIIF/zAZq0+w4H9MxuoSLPiGyVgtggVDMhnLJ1gwIpOxPIIFEzAZp0uwICcmY/EEC3JmMhZHsKBAJmO+BAumxGScnGDBlJmM4xMsKJHJOBrBgoowGX8mWFAxJuPfCRZUmMn4kWBBECajYEE4w07Gw8PDdHBwUMKFxZkp+wBgNDMzM2ljYyN1Op30+PiYjo+PU6vV+vBMt9tNv3//LunC4njDgprITsbn5+fU7XbT/Px82WflSrCgZnq9Xrq/v0/Ly8tln5I7wQLC8B8WEIZgAWEIFhCGYAFhCBYQhmABYQgWEIZgAWEIFhCGYAFhCBYQhmABYQgWEIZgAWEIFhCGYAFhCBYQhmABYfwBWNIHhrZLrpkAAAAASUVORK5CYII="`;

exports[`should preview a black arrow 1`] = `"data:image/png;base64,iVBORw0KGgoAAAANSUhEUgAAASwAAACWCAYAAABkW7XSAAAABmJLR0QA/wD/AP+gvaeTAAAEc0lEQVR4nO3Yvy40fRjH4d8jEYnmqRScARXFOgJKiUa7QukYHIXQy1ZCnIJOLypKUWyHQjSS3ad5933Hy8P+mdmZe+a6yt1J9q4+me/+6vf7/QQQwEzZBwAMS7CAMAQLCEOwgDAECwhDsIAwBAsIQ7CAMAQLCEOwgDAECwhDsIAwBAsIQ7CAMAQLCEOwgDAECwhDsIAwBAsIQ7CAMAQLCEOwgDAECwhDsIAwBAsIQ7CAMAQLCEOwgDAECwhDsIAwBAsIQ7CAMAQLCEOwgDAECwhDsIAwBAsIY+hg3d7epqenpyJvAfjW0MHa3d1NS0tLaWtrK11cXKT39/ci7wL45Fe/3+//9NDNzU1aW1v78Nni4mLa2dlJe3t7aXV1tbADAQaGesN6fX1NrVbrw2fdbjcdHR2ltbW1tL6+nk5OTkxGoFBDvWEN3N3dpbOzs3R6epoeHh4+fT83N5c2NzdTu91O29vbaXZ2NtdjgWYbKVgDvV4vXV1dpU6nky4vL9Pb29unZ0xGIG9jBSvr5eUlnZ+fp06nk66vr798ZmVlJbXb7bS/v58WFhYm+TmgwSYOVpbJCBQp12ANmIxAEQoJVpbJCOSl8GBlmYzAJKYarAGTERhHKcHKMhmBYZUerCyTEfhOpYI1YDICX6lksLJMRmCg8sHKMhmh2UIFa8BkhGYKGawskxGaI3ywskxGqLdaBWvAZIR6qmWwskxGqI/aByvLZITYGhWsAZMRYmpksLJMRoij8cHKMhmh2gTrCyYjVJNg/cBkhOoQrBGYjFAuwRqDyQjlEKwJmYwwPYKVI5MRiiVYBTAZoRiCVTCTEfIjWFNkMsJkBKsEJiOMR7BKZjLC8ASrQkxG+J5gVZDJCF8TrIozGeE/ghWIyUjTCVZAJiNNJVjBmYw0iWDViMlI3QlWDZmM1JVg1ZzJSJ0IVoOYjEQnWA1kMhKVYDWcyUgkgsW/TEaqTrD4xGSkqgSLb5mMVIlgMTSTkbIJFiMzGSmLYDERk5FpEixyYzJSNMEidyYjRREsCmUykifBYmpMRiYlWEydyci4BItSmYyMQrCoDJORnwgWlWMy8jeCRaWZjGQJFmGYjAgW4ZiMzSVYhGYyNotgURsmY/0JFrVjMtaXYFFrJmO9CBaNYTLGJ1g0jskYl2DRaCZjLIIF/zAZq0+w4H9MxuoSLPiGyVgtggVDMhnLJ1gwIpOxPIIFEzAZp0uwICcmY/EEC3JmMhZHsKBAJmO+BAumxGScnGDBlJmM4xMsKJHJOBrBgoowGX8mWFAxJuPfCRZUmMn4kWBBECajYEE4w07Gw8PDdHBwUMKFxZkp+wBgNDMzM2ljYyN1Op30+PiYjo+PU6vV+vBMt9tNv3//LunC4njDgprITsbn5+fU7XbT/Px82WflSrCgZnq9Xrq/v0/Ly8tln5I7wQLC8B8WEIZgAWEIFhCGYAFhCBYQhmABYQgWEIZgAWEIFhCGYAFhCBYQhmABYQgWEIZgAWEIFhCGYAFhCBYQhmABYfwBWNIHhrZLrpkAAAAASUVORK5CYII="`;
