// Jest Snapshot v1, https://goo.gl/fbAQLP

exports[`should preview a subtitle at the bottom 1`] = `"data:image/png;base64,iVBORw0KGgoAAAANSUhEUgAAASwAAACWCAYAAABkW7XSAAAABmJLR0QA/wD/AP+gvaeTAAAIj0lEQVR4nO3cW0hUax/H8d84JU5pu6HSjliRHVACyeomKDMK6aKCEqmgkxVkRFAUEUMHCLLDVdFVRRBSRGghHaCCQItOJiRaYSoWdhpqOuhUpK73YsPQtLfjaJrvf/f9QBdrjc+znjXp17XUGZfjOI4AwICY3l4AAESLYAEwg2ABMINgATCDYAEwg2ABMINgATCDYAEwg2ABMINgATCDYAEwg2ABMINgATCDYAEwg2ABMINgATCDYAEwg2ABMINgATCDYAEwg2ABMINgATCDYAEwg2ABMINgATCDYAEwg2ABMINgATCDYAEwg2ABMINgATCDYAEwg2ABMINgATCDYAEwg2ABMINgATCDYAEwg2ABMINgATCDYAEwg2ABMINgATCDYAEwg2ABMINgATCDYAEwg2ABMINgATCDYAEwg2ABMINgATCDYAEwg2ABMINgATCDYAEwg2ABMINgATCDYAEwg2ABMINgATCDYAEwg2ABMINgATCDYAEwg2ABMINgATCDYAEwg2ABMINgATCDYAEwg2ABMINgATCDYAEwg2ABMINgATCDYAEwg2ABMINgATCDYAEwg2ABMINgATCDYAEwg2ABMINgATCDYAEwg2ABMINgATCDYAEwg2ABMINgATCDYAEwg2ABMINgATCDYAEwg2ABMINgATCDYAEwg2ABMINgATCDYAEwg2ABMINgATCDYAEwg2ABMINgATCDYAEwg2ABMINgATCDYAEwo09vL8Ci3bt39/YS8B/A51HnuRzHcXp7Eda4XK7eXgL+A/jS6zxuCQGYQbAAmEGwAJhBsACYQbAAmEGwAJhBsACYQbAAmMFfuvegzMxMTZs27R/7nz9/rjNnzmjTpk06ffq0AoFAu3OsWrVK9+7dU1VVVbetqyfm/F06es7mzZunBw8e6N27d//6eHvn3t64jIwMZWVlSZKKiopUU1PTDWeBruIKqwd5PB55vV55vV7t3btX48aNk9frVUJCgiTJ5/Np0KBBEeeYPn26hg4d2q3r6ok5f5eOnrPNmzdryJAh7T7e3rm3N+7bt28KBAJasWKFUlNTu7ZodBuusHrQ5cuXdfnyZUlSfn6+Dh8+rCdPnoR9jMfj0dq1axUXF6ezZ8/K7/dLkrKyspSRkaH6+nq9fv06bIzL5VJ2drZSU1Pl9/t1/vx5NTU1dbienpjT7XZrwYIFSklJ0ePHj1VSUhLVS04iHe/nq6iNGzeqsLAwtN2/f3+tX79eLpdL586d0/v37yVJGzZsUEZGhvLy8uT3+1VTU6OioqIOzz3SuMrKSlVWVmrJkiX/eh6ZmZlKT09XfX29Ll68qLa2tg7PHV3HFVYvKygo0F9//aWpU6fq+vXrodcpBoNBBQIB5ebmKj09PWzMjh07lJ+frzdv3ig1NVVXrlyJ6lg9MeeRI0e0bt06BQIB+Xy+qF/QG+l4P19F7dy5M2z70KFDSkhI0IwZM3Tjxo3Qc/bx40fFxsbq06dPCgQCYcGNdO6RxkXi8/l08OBBff78WUuXLlVhYWFU4/ALHHSapE7/+/z5szNx4sSwfX6/31m6dKkjyenbt6/z5csXJykpKexjiouLneXLl4ftu3TpkrNkyZLQ9uTJkx2XyxX1WrpzTp/P5yQnJzuSnOzsbKeioiKqNUQ6nt/vd8aNGxd67NWrV6Ftv9/vrFq1ypHkxMTEOI2Njc706dPDPvbn57mjc49m3LVr15yFCxeGtvv16+c0NzeHzr1v375OY2OjM2HChKj/H9B53BL2socPH0qSvn//rg8fPighIUFv3ryJOOb48eM6deqUcnJyVFRUpIsXL/7yK/+7OueBAwc0e/ZszZkzR2PHjlV8fHyPHk+SKioqJEltbW16+vSpxowZo7t370Y1truMHj1abrdbubm5oX3Nzc1KTU3V06dPf+ta/iTcEvaylpaWTo8pLi7WyJEjVVRUpLy8PN2+fVt9+vza956uzBkXF6fy8nKtXr1aHo+nx47ndrvDtn98zhzH6ZW3aWltbVVra2vYvhMnTqi2tva3r+VPQrAMmjt3rpqamnTmzBllZWXJ4/EoJSXlt8+ZlpamYcOGKScnR0ePHlVdXZ1iYqL7lIp0vObm5tBvUgcPHqzBgweHjZ00aZKkv39wP3HixLBItLW1/SNw0ejsuIaGBrW0tKiwsFAFBQUqKChQSUmJqqurO31sRI9bwv9DAwcOVE5OjqS/bz0yMzPVr18/PX78WKWlpcrPz9fixYtVVlamlJQUffv2rcPv7D0xZ0NDg9xut1auXKn4+Hilp6drxIgRmjVrlm7evBlxbKTjlZWVadu2bSosLNSiRYv09u3b0NVXTEyM1qxZoyFDhmjKlCl6+fKlysvLQ/NWVVVp//79un//vpKSkpSfn9/hubc37kfv3r3TsmXLlJiYqEePHunOnTvat2+fLly4oJMnTyotLU0zZ87U1KlT9f3794jnjq5z7+Z9Wjttz549nR7j8Xh08+ZNBYPB0L64uDiVlpbqy5cvoe2ysjL16dNH8+fPl9frVW1trYLBoLxerwKBgJ48eaILFy4oNjZWo0aN0osXL7Rly5bQHO1JSEjo9jmDwaCuXr2qtLQ0vXz5Uvv371ddXZ0GDBigysrKiGMjHe/q1asaMGCAhg4dqmPHjikQCOjBgwdqampS//795fP5NH78eDU2Nmr79u36+vVraN4rV67I4/EoGAyqtLRU9fX1HZ57e+N+dP/+fQ0fPlyJiYl6+/atampqdOvWLVVXVys5OVnPnj3T1q1bo/4No8RbJHcFb5HcBbxFMroDX3qdx8+wAJhBsACYQbAAmEGwAJhBsACYQbAAmEGwAJhBsACYwUtzumDXrl29vQTgj8RfugMwg1tCAGYQLABmECwAZhAsAGYQLABmECwAZhAsAGYQLABm/A/w8DyCzcicmAAAAABJRU5ErkJggg=="`;

exports[`should preview a subtitle at the top 1`] = `"data:image/png;base64,iVBORw0KGgoAAAANSUhEUgAAASwAAACWCAYAAABkW7XSAAAABmJLR0QA/wD/AP+gvaeTAAAIjUlEQVR4nO3dW0hUax/H8d84JU5pu6HzCSuyA0ogad4EZUYhXVRQIhV0soKMCIoiYugAQXa4KrqqCEKKCC2kA1QQaNHJhEQrTMXCTkNNpY5F5XovNgxNezuOpvn+d98PeLHWzPOsZ036dY06k8txHEcAYEBMby8AAKJFsACYQbAAmEGwAJhBsACYQbAAmEGwAJhBsACYQbAAmEGwAJhBsACYQbAAmEGwAJhBsACYQbAAmEGwAJhBsACYQbAAmEGwAJhBsACY0ae3F2DR7t27e3sJ+A/g86jzXPyvOZ3ncrl6ewn4D+BLr/N4SgjADIIFwAyCBcAMggXADIIFwAyCBcAMggXADIIFwAz+0r0HZWZmavr06f/Y//z5c505c0abNm3S6dOnFQgE2p1j1apVunfvnqqqqrptXT0x5+/S0WM2b948PXjwQO/evfvX29s79/bGpaWlKSsrS5JUVFSkmpqabjgLdBVXWD3I4/HI6/XK6/Vq7969mjBhgrxerxISEiRJPp9PgwYNijhHRkaGhg8f3q3r6ok5f5eOHrPNmzdryJAh7d7e3rm3N+7Lly8KBAJasWKFkpOTu7ZodBuusHrQ5cuXdfnyZUlSfn6+Dh8+rCdPnoTdx+PxaO3atYqLi9PZs2fl9/slSVlZWUpLS1N9fb1ev34dNsblcik7O1vJycny+/06f/68mpubO1xPT8zpdru1YMECJSUl6fHjxyopKYnqJSeRjvfzVdTGjRtVWFgY2u7fv7/Wr18vl8ulc+fO6f3795KkDRs2KC0tTXl5efL7/aqpqVFRUVGH5x5pXGVlpSorK7VkyZJ/PY/MzEylpqaqvr5eFy9eVFtbW4fnjq7jCquXFRQU6K+//lJ6erquX78eep1iMBhUIBBQbm6uUlNTw8bs2LFD+fn5evPmjZKTk3XlypWojtUTcx45ckTr1q1TIBCQz+eL+gW9kY7381XUzp07w7YPHTqkhIQEzZgxQzdu3Ag9Zh8/flRsbKw+ffqkQCAQFtxI5x5pXCQ+n08HDx5UU1OTli5dqsLCwqjG4Rc46DRJnf5oampyJk+eHLbP7/c7S5cudSQ5ffv2dVpbW51hw4aF3ae4uNhZvnx52L5Lly45S5YsCW1PnTrVcblcUa+lO+f0+XxOYmKiI8nJzs52KioqolpDpOP5/X5nwoQJodtevXoV2vb7/c6qVascSU5MTIzT2NjoZGRkhN3358e5o3OPZty1a9echQsXhrb79evntLS0hM69b9++TmNjozNp0qSo/x3QeTwl7GUPHz6UJH39+lUfPnxQQkKC3rx5E3HM8ePHderUKeXk5KioqEgXL1785Vf+d3XOAwcOaPbs2ZozZ47Gjx+v+Pj4Hj2eJFVUVEiS2tra9PTpU40bN053796Namx3GTt2rNxut3Jzc0P7WlpalJycrKdPn/7WtfxJeErYy759+9bpMcXFxRo9erSKioqUl5en27dvq0+fX/ve05U54+LiVF5ertWrV8vj8fTY8dxud9j2j4+Z4zi98jYt379/1/fv38P2nThxQrW1tb99LX8SgmXQ3Llz1dzcrDNnzigrK0sej0dJSUm/fc6UlBSNGDFCOTk5Onr0qOrq6hQTE92nVKTjtbS0hH6TOnjwYA0ePDhs7JQpUyT9/YP7yZMnh0Wira3tH4GLRmfHNTQ06Nu3byosLFRBQYEKCgpUUlKi6urqTh8b0eMp4f+hgQMHKicnR9LfTz0yMzPVr18/PX78WKWlpcrPz9fixYtVVlampKQkffnypcPv7D0xZ0NDg9xut1auXKn4+HilpqZq1KhRmjVrlm7evBlxbKTjlZWVadu2bSosLNSiRYv09u3b0NVXTEyM1qxZoyFDhmjatGl6+fKlysvLQ/NWVVVp//79un//voYNG6b8/PwOz729cT969+6dli1bpqFDh+rRo0e6c+eO9u3bpwsXLujkyZNKSUnRzJkzlZ6erq9fv0Y8d3Sdezfv09ppe/bs6fQYj8ejmzdvKhgMhvbFxcWptLRUra2toe2ysjL16dNH8+fPl9frVW1trYLBoLxerwKBgJ48eaILFy4oNjZWY8aM0YsXL7Rly5bQHO1JSEjo9jmDwaCuXr2qlJQUvXz5Uvv371ddXZ0GDBigysrKiGMjHe/q1asaMGCAhg8frmPHjikQCOjBgwdqbm5W//795fP5NHHiRDU2Nmr79u36/PlzaN4rV67I4/EoGAyqtLRU9fX1HZ57e+N+dP/+fY0cOVJDhw7V27dvVVNTo1u3bqm6ulqJiYl69uyZtm7dGvVvGCXeIrkreIvkLuAtktEd+NLrPH6GBcAMggXADIIFwAyCBcAMggXADIIFwAyCBcAMggXADF6a0wW7du3q7SUAfyT+0h2AGTwlBGAGwQJgBsECYAbBAmAGwQJgBsECYAbBAmAGwQJgBsECYAbBAmAGwQJgBsECYAbBAmAGwQJgBsECYAbBAmAGwQJgBsECYAbBAmAGwQJgBsECYAbBAmAGwQJgBsECYAbBAmAGwQJgBsECYAbBAmAGwQJgBsECYAbBAmAGwQJgBsECYAbBAmAGwQJgBsECYAbBAmAGwQJgBsECYAbBAmAGwQJgBsECYAbBAmAGwQJgBsECYAbBAmAGwQJgBsECYAbBAmAGwQJgBsECYAbBAmAGwQJgBsECYAbBAmAGwQJgBsECYAbBAmAGwQJgBsECYAbBAmAGwQJgBsECYAbBAmAGwQJgBsECYAbBAmAGwQJgBsECYAbBAmAGwQJgBsECYAbBAmAGwQJgBsECYAbBAmAGwQJgBsECYAbBAmAGwQJgBsECYAbBAmAGwQJgBsECYAbBAmAGwQJgBsECYAbBAmAGwQJgBsECYAbBAmAGwQJgBsECYAbBAmAGwQJgBsECYAbBAmAGwQJgxv8AMRM8glDL2MoAAAAASUVORK5CYII="`;

exports[`should preview a subtitle on multiple lines 1`] = `"data:image/png;base64,iVBORw0KGgoAAAANSUhEUgAAASwAAACWCAYAAABkW7XSAAAABmJLR0QA/wD/AP+gvaeTAAAH3UlEQVR4nO3dTUhUbR/H8d9oRC16G7KoFqGNpU1vG4OKgqDVROAiMIZZBCbYIsIgiIQyFyJFUK16oTCIoMUQCQlRYRElEiKTw8kiiRY2yuApclxk5HUvHp7h8ekux3zrn98PHJiZ43Wdq3H4cjzoKeCccwIAA/JmegEAkCuCBcAMggXADIIFwAyCBcAMggXADIIFwAyCBcAMggXADIIFwAyCBcAMggXADIIFwAyCBcAMggXADIIFwAyCBcAMggXADIIFwAyCBcAMggXADIIFwAyCBcAMggXADIIFwAyCBcAMggXADIIFwAyCBcAMggXADIIFwAyCBcAMggXADIIFwAyCBcAMggXADIIFwAyCBcAMggXADIIFwAyCBcAMggXADIIFwAyCBcAMggXADIIFwAyCBcAMggXADIIFwAyCBcAMggXADIIFwAyCBcAMggXADIIFwAyCBcAMggXADIIFwAyCBcAMggXADIIFwAyCBcAMggXADIIFwAyCBcAMggXADIIFwAyCBcAMggXADIIFwAyCBcAMggXADIIFwAyCBcAMggXADIIFwAyCBcAMggXADIIFwAyCBcAMggXADIIFwAyCBcAMggXADIIFwAyCBcAMggXADIIFwAyCBcAMggXADIIFwAyCBcAMggXADIIFwAyCBcAMggXADIJlTF1dnQKBANskbHV1dTP97cQ4ESwAZhAsAGYQLABmECwAZhAsAGYQLABmECwAZhAsAGYQLABmEKy/2Llz5+Sc+2FrbW2VJKXTaYVCoV/O0dnZqVgsNqnrmoo5MTsQrL/Y8ePHs3+GkslkVFpaqkAgoN27d+c8RzQaVUtLy6SuayrmxOxAsGa5SCQiz/PU39+vI0eOZF9vaGiQ7/tKJBKKRCKjxoTDYbW1tcnzPCWTSUWj0ZyONRVzbt++XZ2dnXr37p06Ojq0adOmnMbBJoI1y23evFkbN27Unj17dPbsWc2bN0+SdPLkSQWDQd2/f/+HMfX19bp48aLWr1+v3bt3KxKJKBAIjHmsqZjzypUramxsVCgU0p07d9TY2JjDvxpWEaxZ7sqVK/r+/bu6uro0NDSkFStWjDnm06dPqqioUDgcVjqdViwWk3NuQuv43Tm3bt2qeDwuSXr27JnWrFkzoXXgz0awZjnf97OPv337pvz8/DHH1NTUyPM8xeNxdXd3T8oF9N+dc//+/Xr+/Lna2tp04cIF5eXxkf6b8d3FuA0ODqq2tlYlJSWqqqrSpUuXcjozm+w5V69erevXr6uyslLbtm3TiRMnJrQG/PkIFsatublZhYWFkqREIqFMJpPT9abJnnPJkiX68uWLuru7lZ+fr4MHD2rBggUTWgf+bAQLPyguLpbv+/J9X3v37tXly5fl+77Onz8vSbp27Zqam5vleZ5evHih+vp6ffz4cdrnTCQSevDggRKJhB49eqRr165pcHBQN27cmJw3An+cgJvo1VJMq7q6Op05c2aml/FXOH36NLdJNoYzLABmECwAZhAsAGYQLABmECwAZhAsAGYQLABmECwAZhAsAGbwm+7GTfRv+GYbPu62cYYFwAyCBcAMggXADIIFwAyCBcAMggXADIIFwAyCBcAMggXADIKFMaXTaYVCoZ/uv3nzpkpKSn66v7Oz81//n8Gfjauurpbv+xoeHlZ5efnvLRp/JYKFCduwYcMv90ejUbW0tOQ87vLlywoGg3r69OmkrA9/D4I1i4TDYbW1tcnzPCWTSUWj0ey+/z+LSqVSo56Xl5eru7tbvb29qq6uzr6eTCa1ZcsWtbe3y/d93bp1K7uvoaFBvu8rkUgoEomMWsuvxv3KunXr9OTJE71580YdHR3atWvXuN8HGOZgmqSct3g87g4cOOAkuYKCAnfr1i0XCAScJJdOp10oFMp+bSqVyj5Pp9OuqanJ5eXludLSUjc0NOSWLVs26mtLSkp+ety7d++6WCz2w+tjjXv48KErLy/PPg8EAq6jo8MdPnzYSXJlZWUulUq5+fPn5/wewDbOsGaRT58+qaKiQuFwWOl0WrFYLOe7FzQ1NWlkZESvX7+W53kqKyub4tX+aOXKlQqHw7p69aok6eXLl3r//r127Ngx7WvBzCBYs0hNTY08z1M8Hld3d/e/Xgj/mf7+/uzjgYEBBYPBqVjiLxUUFGjOnDl6+/atenp61NPTo6KiIi1dunTa14KZMWemF4DpMzg4qNraWtXW1mrnzp26d++eHj9+rFQqpZGREeXn50v6zz22Fi5cOGrs4sWLs4+DwaAGBgamde2S1NfXp69fv6q4uFgjIyPTfnzMPM6wZpHm5mYVFhZKkhKJhDKZTPYGgL29vdlfMdi3b5/mzp076uaA/71Av3btWpWWlqq9vT27L5PJKBQKKS8vT6tWrcp5PWON+/btm+bPn5993tfXp0QioaqqKknS8uXLdfv2bS1atCjnY8K4mb6IhonROC6679u3z3V1dTnP81wymXSHDh0ate/t27eutbXVnTp1ynme5zZs2OAkuc+fP7tjx465V69euQ8fPrjKyspR81ZVVbmBgQHX19fnHj9+7CS54uJi5/u+833fDQ8Pu0wm43zfd+fPn//luP/djh49mh1XX1/vJLmioiL36NEj9/79e9fT0+Oqq6vH9R7ANm6RbBy3SB4fPu628SMhADMIFgAzCBYAMwgWADP+AU7WJLQWX9VbAAAAAElFTkSuQmCC"`;

exports[`should preview a subtitle with transparent background 1`] = `"data:image/png;base64,iVBORw0KGgoAAAANSUhEUgAAASwAAACWCAYAAABkW7XSAAAABmJLR0QA/wD/AP+gvaeTAAAIZUlEQVR4nO3aW0hUax/H8Z+HdjVjhzFPGBF2MgulEikqQ6gLFaSSiEKCqK6irjoYBBFZREEQkUFlJ8KIKZBujKKyoKDIkKBBYaIDWVkWU0ylSePaF/tlaPab42Rq+7/39wNerJl5nvU86+LrrJmJcxzHEQAYEP+7FwAAsSJYAMwgWADMIFgAzCBYAMwgWADMIFgAzCBYAMwgWADMIFgAzCBYAMwgWADMIFgAzCBYAMwgWADMIFgAzCBYAMwgWADMIFgAzCBYAMwgWADMIFgAzCBYAMwgWADMIFgAzCBYAMwgWADMIFgAzCBYAMwgWADMSNi5c+fO372If6uGhgZ5vV7duXMn4u/FixfKzc3VoUOHNGXKFA0fPrzHOU6dOqU//vhDaWlp/baugZhzsPR2za5cuSKPxyOXy/XD53vae0/jGhsbdfbsWd25c0fp6ekaM2ZM/2wEfcI7rAHU0dGhQCCgQCCgHTt26PHjxwoEAgoGg5KkqqoqvX//Puoc9+7dU1tbW7+uayDmHCy9XbODBw+qvb29x+d72ntP44YOHSqPx6MzZ87I5/P1bdHoN4m/ewH/ZqWlpSotLZUkVVdXa9OmTZo6dWrEazo6OnT8+HF1dnZqxYoVSk1NlSRdv35djY2NysrKUkZGRsQYx3F0+fJl+Xw+paamatmyZUpKSup1PQMxZygU0qVLl+T3+5WTk6OysjLFxcX1Oi7a+Q4dOqRVq1bJ4/FIkg4fPqyKiorw8efPn3X06FE5jqPly5crOTlZknTkyBE1NjaqpqZGqampmjx5ssrLy3vde7Rxubm5ys3N1YULF364j4aGBjU1NSkrK0uLFy9WfDzvAQYSV/c3q6ys1MePH3X//n0tWrRIjuNIklwulzwej86fP6+mpqaIMXv37lV1dbXS09Pl8/lUUlIS07kGYs6NGzfq2LFj8ng8qqqqUqyfMEQ739/fRe3ZsyfiePPmzQoGg7p9+7YWLlwYvmajRo1SV1eXRo4cKY/HExHcaHuPNi6aqqoqbdmyRSNGjNC5c+dUUVER0zj8AgeDIikpyWlubo54LCUlxamtrXUcx3G6urqcYcOGOW1tbRGvWbJkiXP27NmIx0pLSx2v1xs+fvjwodPd3R3zWvpzzl27djnPnj1zHMdx6uvrnRkzZsS0hmjnS0lJcfx+f/i5jIyM8HFKSopz8uRJx3EcJxQKOZmZmc7du3cjXvv36/y9H+09lnGLFi1y6urqwsefP392XC5XeO9dXV1OZmam09LSEnXf+DXcEv5ms2bNkiQNGTJEo0ePVjAYVHp6etQx69at0+rVq+X1elVeXq7FixfHdBs2EHNu3bpVN27c0LVr1/TkyRN9+vRpQM8nSTNnzpQkxcfHKzs7W0+fPtXs2bNjGttfnj17plAopPPnz4cfc7vd8vl8ys7OHtS1/JdwS/ibJSb+/P+MpUuXqrW1VeXl5aqpqdHcuXP17du3X1pHX+bs7OxUfn6+Tp48qY6OjgE7XygUijj+/prFxcX9cqz7IiEhQQkJCRGPrV27VhMnThz0tfyXECyDrl69qqSkJK1cuVLXr19XR0eH/H7/oM/56NEjvX79Wl6vVxs2bNCECRPU3d39y+dzu93hb1LfvXund+/eRYxtbm6W9NcH9y0tLRGRiI+P/7/AxeJnx40fP16JiYmqqKhQZWWlKisrVVZWpmnTpv30uRE7bgn/gT58+CCv1yvpr1uPhoYGffnyRTk5OSosLFR1dbUuXryo+fPny+/3a+jQob3+Zx+IOcePH69QKKTTp0/r06dPampq0suXL3Xz5k0VFRVFHRvtfPPnz9f+/ftVUVGhuro6paWlhd99dXd368SJE2pvb9eDBw+UmZmp/Pz88LzTp0/Xtm3bVFBQoDdv3qi6urrXvfc07ntjxoxRbW2t3r59q7y8PM2ZM0fbt2/XkiVLtGbNGj169Ei3bt3S/fv3NWTIkKh7R9/xw9FB0tnZqaKiIrnd7vBjX79+1YIFC8I/Vvz69asKCwsVCoVUX1+vQCCgSZMmye12KxAIKDk5WTk5OVq6dKm6urrU2tqqcePG6cCBA1F/fCpJwWCw3+d0u90qLi6Wz+fT2LFjtW3bNk2YMEHBYFB5eXlRx0Y7X3FxsYLBoNra2rR+/XolJyeroKBASUlJ+vLli3bv3i2/36+xY8dq3759EessKSlRZ2enXC6XCgsLw+uJtveexn2voKBAr169Unt7u9LS0jR58mTNmzdP06ZN0/PnzzVp0iQdOHAg5m8Y0TdxjvO/74QB4B+Oz7AAmEGwAJhBsACYQbAAmEGwAJhBsACYQbAAmEGwAJhBsACYQbAAmEGwAJhBsACYQbAAmEGwAJhBsACYQbAAmEGwAJhBsACYQbAAmEGwAJhBsACYQbAAmEGwAJhBsACYQbAAmEGwAJhBsACYQbAAmEGwAJhBsACYQbAAmEGwAJhBsACYQbAAmEGwAJhBsACYQbAAmEGwAJhBsACYQbAAmEGwAJhBsACYQbAAmEGwAJhBsACYQbAAmEGwAJhBsACYQbAAmEGwAJhBsACYQbAAmEGwAJhBsACYQbAAmEGwAJhBsACYQbAAmEGwAJhBsACYQbAAmEGwAJhBsACYQbAAmEGwAJhBsACYQbAAmEGwAJhBsACYQbAAmEGwAJhBsACYQbAAmEGwAJhBsACYQbAAmEGwAJhBsACYQbAAmEGwAJhBsACYQbAAmEGwAJhBsACYQbAAmEGwAJhBsACYQbAAmEGwAJhBsACYQbAAmEGwAJhBsACYQbAAmEGwAJhBsACYQbAAmEGwAJhBsACYQbAAmEGwAJhBsACYQbAAmEGwAJhBsACYQbAAmEGwAJhBsACY8ScchzXDMyikIgAAAABJRU5ErkJggg=="`;

exports[`should write a subtitle at the bottom 1`] = `"data:image/png;base64,iVBORw0KGgoAAAANSUhEUgAAASwAAACWCAYAAABkW7XSAAAABmJLR0QA/wD/AP+gvaeTAAAIj0lEQVR4nO3cW0hUax/H8d84JU5pu6HSjliRHVACyeomKDMK6aKCEqmgkxVkRFAUEUMHCLLDVdFVRRBSRGghHaCCQItOJiRaYSoWdhpqOuhUpK73YsPQtLfjaJrvf/f9QBdrjc+znjXp17XUGZfjOI4AwICY3l4AAESLYAEwg2ABMINgATCDYAEwg2ABMINgATCDYAEwg2ABMINgATCDYAEwg2ABMINgATCDYAEwg2ABMINgATCDYAEwg2ABMINgATCDYAEwg2ABMINgATCDYAEwg2ABMINgATCDYAEwg2ABMINgATCDYAEwg2ABMINgATCDYAEwg2ABMINgATCDYAEwg2ABMINgATCDYAEwg2ABMINgATCDYAEwg2ABMINgATCDYAEwg2ABMINgATCDYAEwg2ABMINgATCDYAEwg2ABMINgATCDYAEwg2ABMINgATCDYAEwg2ABMINgATCDYAEwg2ABMINgATCDYAEwg2ABMINgATCDYAEwg2ABMINgATCDYAEwg2ABMINgATCDYAEwg2ABMINgATCDYAEwg2ABMINgATCDYAEwg2ABMINgATCDYAEwg2ABMINgATCDYAEwg2ABMINgATCDYAEwg2ABMINgATCDYAEwg2ABMINgATCDYAEwg2ABMINgATCDYAEwg2ABMINgATCDYAEwg2ABMINgATCDYAEwg2ABMINgATCDYAEwg2ABMINgATCDYAEwg2ABMINgATCDYAEwo09vL8Ci3bt39/YS8B/A51HnuRzHcXp7Eda4XK7eXgL+A/jS6zxuCQGYQbAAmEGwAJhBsACYQbAAmEGwAJhBsACYQbAAmMFfuvegzMxMTZs27R/7nz9/rjNnzmjTpk06ffq0AoFAu3OsWrVK9+7dU1VVVbetqyfm/F06es7mzZunBw8e6N27d//6eHvn3t64jIwMZWVlSZKKiopUU1PTDWeBruIKqwd5PB55vV55vV7t3btX48aNk9frVUJCgiTJ5/Np0KBBEeeYPn26hg4d2q3r6ok5f5eOnrPNmzdryJAh7T7e3rm3N+7bt28KBAJasWKFUlNTu7ZodBuusHrQ5cuXdfnyZUlSfn6+Dh8+rCdPnoR9jMfj0dq1axUXF6ezZ8/K7/dLkrKyspSRkaH6+nq9fv06bIzL5VJ2drZSU1Pl9/t1/vx5NTU1dbienpjT7XZrwYIFSklJ0ePHj1VSUhLVS04iHe/nq6iNGzeqsLAwtN2/f3+tX79eLpdL586d0/v37yVJGzZsUEZGhvLy8uT3+1VTU6OioqIOzz3SuMrKSlVWVmrJkiX/eh6ZmZlKT09XfX29Ll68qLa2tg7PHV3HFVYvKygo0F9//aWpU6fq+vXrodcpBoNBBQIB5ebmKj09PWzMjh07lJ+frzdv3ig1NVVXrlyJ6lg9MeeRI0e0bt06BQIB+Xy+qF/QG+l4P19F7dy5M2z70KFDSkhI0IwZM3Tjxo3Qc/bx40fFxsbq06dPCgQCYcGNdO6RxkXi8/l08OBBff78WUuXLlVhYWFU4/ALHHSapE7/+/z5szNx4sSwfX6/31m6dKkjyenbt6/z5csXJykpKexjiouLneXLl4ftu3TpkrNkyZLQ9uTJkx2XyxX1WrpzTp/P5yQnJzuSnOzsbKeioiKqNUQ6nt/vd8aNGxd67NWrV6Ftv9/vrFq1ypHkxMTEOI2Njc706dPDPvbn57mjc49m3LVr15yFCxeGtvv16+c0NzeHzr1v375OY2OjM2HChKj/H9B53BL2socPH0qSvn//rg8fPighIUFv3ryJOOb48eM6deqUcnJyVFRUpIsXL/7yK/+7OueBAwc0e/ZszZkzR2PHjlV8fHyPHk+SKioqJEltbW16+vSpxowZo7t370Y1truMHj1abrdbubm5oX3Nzc1KTU3V06dPf+ta/iTcEvaylpaWTo8pLi7WyJEjVVRUpLy8PN2+fVt9+vza956uzBkXF6fy8nKtXr1aHo+nx47ndrvDtn98zhzH6ZW3aWltbVVra2vYvhMnTqi2tva3r+VPQrAMmjt3rpqamnTmzBllZWXJ4/EoJSXlt8+ZlpamYcOGKScnR0ePHlVdXZ1iYqL7lIp0vObm5tBvUgcPHqzBgweHjZ00aZKkv39wP3HixLBItLW1/SNw0ejsuIaGBrW0tKiwsFAFBQUqKChQSUmJqqurO31sRI9bwv9DAwcOVE5OjqS/bz0yMzPVr18/PX78WKWlpcrPz9fixYtVVlamlJQUffv2rcPv7D0xZ0NDg9xut1auXKn4+Hilp6drxIgRmjVrlm7evBlxbKTjlZWVadu2bSosLNSiRYv09u3b0NVXTEyM1qxZoyFDhmjKlCl6+fKlysvLQ/NWVVVp//79un//vpKSkpSfn9/hubc37kfv3r3TsmXLlJiYqEePHunOnTvat2+fLly4oJMnTyotLU0zZ87U1KlT9f3794jnjq5z7+Z9Wjttz549nR7j8Xh08+ZNBYPB0L64uDiVlpbqy5cvoe2ysjL16dNH8+fPl9frVW1trYLBoLxerwKBgJ48eaILFy4oNjZWo0aN0osXL7Rly5bQHO1JSEjo9jmDwaCuXr2qtLQ0vXz5Uvv371ddXZ0GDBigysrKiGMjHe/q1asaMGCAhg4dqmPHjikQCOjBgwdqampS//795fP5NH78eDU2Nmr79u36+vVraN4rV67I4/EoGAyqtLRU9fX1HZ57e+N+dP/+fQ0fPlyJiYl6+/atampqdOvWLVVXVys5OVnPnj3T1q1bo/4No8RbJHcFb5HcBbxFMroDX3qdx8+wAJhBsACYQbAAmEGwAJhBsACYQbAAmEGwAJhBsACYwUtzumDXrl29vQTgj8RfugMwg1tCAGYQLABmECwAZhAsAGYQLABmECwAZhAsAGYQLABm/A/w8DyCzcicmAAAAABJRU5ErkJggg=="`;

exports[`should write a subtitle at the top 1`] = `"data:image/png;base64,iVBORw0KGgoAAAANSUhEUgAAASwAAACWCAYAAABkW7XSAAAABmJLR0QA/wD/AP+gvaeTAAAIjUlEQVR4nO3dW0hUax/H8d84JU5pu6HzCSuyA0ogad4EZUYhXVRQIhV0soKMCIoiYugAQXa4KrqqCEKKCC2kA1QQaNHJhEQrTMXCTkNNpY5F5XovNgxNezuOpvn+d98PeLHWzPOsZ036dY06k8txHEcAYEBMby8AAKJFsACYQbAAmEGwAJhBsACYQbAAmEGwAJhBsACYQbAAmEGwAJhBsACYQbAAmEGwAJhBsACYQbAAmEGwAJhBsACYQbAAmEGwAJhBsACY0ae3F2DR7t27e3sJ+A/g86jzXPyvOZ3ncrl6ewn4D+BLr/N4SgjADIIFwAyCBcAMggXADIIFwAyCBcAMggXADIIFwAz+0r0HZWZmavr06f/Y//z5c505c0abNm3S6dOnFQgE2p1j1apVunfvnqqqqrptXT0x5+/S0WM2b948PXjwQO/evfvX29s79/bGpaWlKSsrS5JUVFSkmpqabjgLdBVXWD3I4/HI6/XK6/Vq7969mjBhgrxerxISEiRJPp9PgwYNijhHRkaGhg8f3q3r6ok5f5eOHrPNmzdryJAh7d7e3rm3N+7Lly8KBAJasWKFkpOTu7ZodBuusHrQ5cuXdfnyZUlSfn6+Dh8+rCdPnoTdx+PxaO3atYqLi9PZs2fl9/slSVlZWUpLS1N9fb1ev34dNsblcik7O1vJycny+/06f/68mpubO1xPT8zpdru1YMECJSUl6fHjxyopKYnqJSeRjvfzVdTGjRtVWFgY2u7fv7/Wr18vl8ulc+fO6f3795KkDRs2KC0tTXl5efL7/aqpqVFRUVGH5x5pXGVlpSorK7VkyZJ/PY/MzEylpqaqvr5eFy9eVFtbW4fnjq7jCquXFRQU6K+//lJ6erquX78eep1iMBhUIBBQbm6uUlNTw8bs2LFD+fn5evPmjZKTk3XlypWojtUTcx45ckTr1q1TIBCQz+eL+gW9kY7381XUzp07w7YPHTqkhIQEzZgxQzdu3Ag9Zh8/flRsbKw+ffqkQCAQFtxI5x5pXCQ+n08HDx5UU1OTli5dqsLCwqjG4Rc46DRJnf5oampyJk+eHLbP7/c7S5cudSQ5ffv2dVpbW51hw4aF3ae4uNhZvnx52L5Lly45S5YsCW1PnTrVcblcUa+lO+f0+XxOYmKiI8nJzs52KioqolpDpOP5/X5nwoQJodtevXoV2vb7/c6qVascSU5MTIzT2NjoZGRkhN3358e5o3OPZty1a9echQsXhrb79evntLS0hM69b9++TmNjozNp0qSo/x3QeTwl7GUPHz6UJH39+lUfPnxQQkKC3rx5E3HM8ePHderUKeXk5KioqEgXL1785Vf+d3XOAwcOaPbs2ZozZ47Gjx+v+Pj4Hj2eJFVUVEiS2tra9PTpU40bN053796Namx3GTt2rNxut3Jzc0P7WlpalJycrKdPn/7WtfxJeErYy759+9bpMcXFxRo9erSKioqUl5en27dvq0+fX/ve05U54+LiVF5ertWrV8vj8fTY8dxud9j2j4+Z4zi98jYt379/1/fv38P2nThxQrW1tb99LX8SgmXQ3Llz1dzcrDNnzigrK0sej0dJSUm/fc6UlBSNGDFCOTk5Onr0qOrq6hQTE92nVKTjtbS0hH6TOnjwYA0ePDhs7JQpUyT9/YP7yZMnh0Wira3tH4GLRmfHNTQ06Nu3byosLFRBQYEKCgpUUlKi6urqTh8b0eMp4f+hgQMHKicnR9LfTz0yMzPVr18/PX78WKWlpcrPz9fixYtVVlampKQkffnypcPv7D0xZ0NDg9xut1auXKn4+HilpqZq1KhRmjVrlm7evBlxbKTjlZWVadu2bSosLNSiRYv09u3b0NVXTEyM1qxZoyFDhmjatGl6+fKlysvLQ/NWVVVp//79un//voYNG6b8/PwOz729cT969+6dli1bpqFDh+rRo0e6c+eO9u3bpwsXLujkyZNKSUnRzJkzlZ6erq9fv0Y8d3Sdezfv09ppe/bs6fQYj8ejmzdvKhgMhvbFxcWptLRUra2toe2ysjL16dNH8+fPl9frVW1trYLBoLxerwKBgJ48eaILFy4oNjZWY8aM0YsXL7Rly5bQHO1JSEjo9jmDwaCuXr2qlJQUvXz5Uvv371ddXZ0GDBigysrKiGMjHe/q1asaMGCAhg8frmPHjikQCOjBgwdqbm5W//795fP5NHHiRDU2Nmr79u36/PlzaN4rV67I4/EoGAyqtLRU9fX1HZ57e+N+dP/+fY0cOVJDhw7V27dvVVNTo1u3bqm6ulqJiYl69uyZtm7dGvVvGCXeIrkreIvkLuAtktEd+NLrPH6GBcAMggXADIIFwAyCBcAMggXADIIFwAyCBcAMggXADF6a0wW7du3q7SUAfyT+0h2AGTwlBGAGwQJgBsECYAbBAmAGwQJgBsECYAbBAmAGwQJgBsECYAbBAmAGwQJgBsECYAbBAmAGwQJgBsECYAbBAmAGwQJgBsECYAbBAmAGwQJgBsECYAbBAmAGwQJgBsECYAbBAmAGwQJgBsECYAbBAmAGwQJgBsECYAbBAmAGwQJgBsECYAbBAmAGwQJgBsECYAbBAmAGwQJgBsECYAbBAmAGwQJgBsECYAbBAmAGwQJgBsECYAbBAmAGwQJgBsECYAbBAmAGwQJgBsECYAbBAmAGwQJgBsECYAbBAmAGwQJgBsECYAbBAmAGwQJgBsECYAbBAmAGwQJgBsECYAbBAmAGwQJgBsECYAbBAmAGwQJgBsECYAbBAmAGwQJgBsECYAbBAmAGwQJgBsECYAbBAmAGwQJgBsECYAbBAmAGwQJgBsECYAbBAmAGwQJgBsECYAbBAmAGwQJgBsECYAbBAmAGwQJgBsECYAbBAmAGwQJgBsECYAbBAmAGwQJgBsECYAbBAmAGwQJgxv8AMRM8glDL2MoAAAAASUVORK5CYII="`;

exports[`should write a subtitle on multiple lines 1`] = `"data:image/png;base64,iVBORw0KGgoAAAANSUhEUgAAASwAAACWCAYAAABkW7XSAAAABmJLR0QA/wD/AP+gvaeTAAAH3UlEQVR4nO3dTUhUbR/H8d9oRC16G7KoFqGNpU1vG4OKgqDVROAiMIZZBCbYIsIgiIQyFyJFUK16oTCIoMUQCQlRYRElEiKTw8kiiRY2yuApclxk5HUvHp7h8ekux3zrn98PHJiZ43Wdq3H4cjzoKeCccwIAA/JmegEAkCuCBcAMggXADIIFwAyCBcAMggXADIIFwAyCBcAMggXADIIFwAyCBcAMggXADIIFwAyCBcAMggXADIIFwAyCBcAMggXADIIFwAyCBcAMggXADIIFwAyCBcAMggXADIIFwAyCBcAMggXADIIFwAyCBcAMggXADIIFwAyCBcAMggXADIIFwAyCBcAMggXADIIFwAyCBcAMggXADIIFwAyCBcAMggXADIIFwAyCBcAMggXADIIFwAyCBcAMggXADIIFwAyCBcAMggXADIIFwAyCBcAMggXADIIFwAyCBcAMggXADIIFwAyCBcAMggXADIIFwAyCBcAMggXADIIFwAyCBcAMggXADIIFwAyCBcAMggXADIIFwAyCBcAMggXADIIFwAyCBcAMggXADIIFwAyCBcAMggXADIIFwAyCBcAMggXADIIFwAyCBcAMggXADIIFwAyCBcAMggXADIIFwAyCBcAMggXADIIFwAyCBcAMggXADIIFwAyCBcAMggXADIJlTF1dnQKBANskbHV1dTP97cQ4ESwAZhAsAGYQLABmECwAZhAsAGYQLABmECwAZhAsAGYQLABmEKy/2Llz5+Sc+2FrbW2VJKXTaYVCoV/O0dnZqVgsNqnrmoo5MTsQrL/Y8ePHs3+GkslkVFpaqkAgoN27d+c8RzQaVUtLy6SuayrmxOxAsGa5SCQiz/PU39+vI0eOZF9vaGiQ7/tKJBKKRCKjxoTDYbW1tcnzPCWTSUWj0ZyONRVzbt++XZ2dnXr37p06Ojq0adOmnMbBJoI1y23evFkbN27Unj17dPbsWc2bN0+SdPLkSQWDQd2/f/+HMfX19bp48aLWr1+v3bt3KxKJKBAIjHmsqZjzypUramxsVCgU0p07d9TY2JjDvxpWEaxZ7sqVK/r+/bu6uro0NDSkFStWjDnm06dPqqioUDgcVjqdViwWk3NuQuv43Tm3bt2qeDwuSXr27JnWrFkzoXXgz0awZjnf97OPv337pvz8/DHH1NTUyPM8xeNxdXd3T8oF9N+dc//+/Xr+/Lna2tp04cIF5eXxkf6b8d3FuA0ODqq2tlYlJSWqqqrSpUuXcjozm+w5V69erevXr6uyslLbtm3TiRMnJrQG/PkIFsatublZhYWFkqREIqFMJpPT9abJnnPJkiX68uWLuru7lZ+fr4MHD2rBggUTWgf+bAQLPyguLpbv+/J9X3v37tXly5fl+77Onz8vSbp27Zqam5vleZ5evHih+vp6ffz4cdrnTCQSevDggRKJhB49eqRr165pcHBQN27cmJw3An+cgJvo1VJMq7q6Op05c2aml/FXOH36NLdJNoYzLABmECwAZhAsAGYQLABmECwAZhAsAGYQLABmECwAZhAsAGbwm+7GTfRv+GYbPu62cYYFwAyCBcAMggXADIIFwAyCBcAMggXADIIFwAyCBcAMggXADIKFMaXTaYVCoZ/uv3nzpkpKSn66v7Oz81//n8Gfjauurpbv+xoeHlZ5efnvLRp/JYKFCduwYcMv90ejUbW0tOQ87vLlywoGg3r69OmkrA9/D4I1i4TDYbW1tcnzPCWTSUWj0ey+/z+LSqVSo56Xl5eru7tbvb29qq6uzr6eTCa1ZcsWtbe3y/d93bp1K7uvoaFBvu8rkUgoEomMWsuvxv3KunXr9OTJE71580YdHR3atWvXuN8HGOZgmqSct3g87g4cOOAkuYKCAnfr1i0XCAScJJdOp10oFMp+bSqVyj5Pp9OuqanJ5eXludLSUjc0NOSWLVs26mtLSkp+ety7d++6WCz2w+tjjXv48KErLy/PPg8EAq6jo8MdPnzYSXJlZWUulUq5+fPn5/wewDbOsGaRT58+qaKiQuFwWOl0WrFYLOe7FzQ1NWlkZESvX7+W53kqKyub4tX+aOXKlQqHw7p69aok6eXLl3r//r127Ngx7WvBzCBYs0hNTY08z1M8Hld3d/e/Xgj/mf7+/uzjgYEBBYPBqVjiLxUUFGjOnDl6+/atenp61NPTo6KiIi1dunTa14KZMWemF4DpMzg4qNraWtXW1mrnzp26d++eHj9+rFQqpZGREeXn50v6zz22Fi5cOGrs4sWLs4+DwaAGBgamde2S1NfXp69fv6q4uFgjIyPTfnzMPM6wZpHm5mYVFhZKkhKJhDKZTPYGgL29vdlfMdi3b5/mzp076uaA/71Av3btWpWWlqq9vT27L5PJKBQKKS8vT6tWrcp5PWON+/btm+bPn5993tfXp0QioaqqKknS8uXLdfv2bS1atCjnY8K4mb6IhonROC6679u3z3V1dTnP81wymXSHDh0ate/t27eutbXVnTp1ynme5zZs2OAkuc+fP7tjx465V69euQ8fPrjKyspR81ZVVbmBgQHX19fnHj9+7CS54uJi5/u+833fDQ8Pu0wm43zfd+fPn//luP/djh49mh1XX1/vJLmioiL36NEj9/79e9fT0+Oqq6vH9R7ANm6RbBy3SB4fPu628SMhADMIFgAzCBYAMwgWADP+AU7WJLQWX9VbAAAAAElFTkSuQmCC"`;

exports[`should write a subtitle with transparent background 1`] = `"data:image/png;base64,iVBORw0KGgoAAAANSUhEUgAAASwAAACWCAYAAABkW7XSAAAABmJLR0QA/wD/AP+gvaeTAAAIZUlEQVR4nO3aW0hUax/H8Z+HdjVjhzFPGBF2MgulEikqQ6gLFaSSiEKCqK6irjoYBBFZREEQkUFlJ8KIKZBujKKyoKDIkKBBYaIDWVkWU0ylSePaF/tlaPab42Rq+7/39wNerJl5nvU86+LrrJmJcxzHEQAYEP+7FwAAsSJYAMwgWADMIFgAzCBYAMwgWADMIFgAzCBYAMwgWADMIFgAzCBYAMwgWADMIFgAzCBYAMwgWADMIFgAzCBYAMwgWADMIFgAzCBYAMwgWADMIFgAzCBYAMwgWADMIFgAzCBYAMwgWADMIFgAzCBYAMwgWADMSNi5c+fO372If6uGhgZ5vV7duXMn4u/FixfKzc3VoUOHNGXKFA0fPrzHOU6dOqU//vhDaWlp/baugZhzsPR2za5cuSKPxyOXy/XD53vae0/jGhsbdfbsWd25c0fp6ekaM2ZM/2wEfcI7rAHU0dGhQCCgQCCgHTt26PHjxwoEAgoGg5KkqqoqvX//Puoc9+7dU1tbW7+uayDmHCy9XbODBw+qvb29x+d72ntP44YOHSqPx6MzZ87I5/P1bdHoN4m/ewH/ZqWlpSotLZUkVVdXa9OmTZo6dWrEazo6OnT8+HF1dnZqxYoVSk1NlSRdv35djY2NysrKUkZGRsQYx3F0+fJl+Xw+paamatmyZUpKSup1PQMxZygU0qVLl+T3+5WTk6OysjLFxcX1Oi7a+Q4dOqRVq1bJ4/FIkg4fPqyKiorw8efPn3X06FE5jqPly5crOTlZknTkyBE1NjaqpqZGqampmjx5ssrLy3vde7Rxubm5ys3N1YULF364j4aGBjU1NSkrK0uLFy9WfDzvAQYSV/c3q6ys1MePH3X//n0tWrRIjuNIklwulzwej86fP6+mpqaIMXv37lV1dbXS09Pl8/lUUlIS07kGYs6NGzfq2LFj8ng8qqqqUqyfMEQ739/fRe3ZsyfiePPmzQoGg7p9+7YWLlwYvmajRo1SV1eXRo4cKY/HExHcaHuPNi6aqqoqbdmyRSNGjNC5c+dUUVER0zj8AgeDIikpyWlubo54LCUlxamtrXUcx3G6urqcYcOGOW1tbRGvWbJkiXP27NmIx0pLSx2v1xs+fvjwodPd3R3zWvpzzl27djnPnj1zHMdx6uvrnRkzZsS0hmjnS0lJcfx+f/i5jIyM8HFKSopz8uRJx3EcJxQKOZmZmc7du3cjXvv36/y9H+09lnGLFi1y6urqwsefP392XC5XeO9dXV1OZmam09LSEnXf+DXcEv5ms2bNkiQNGTJEo0ePVjAYVHp6etQx69at0+rVq+X1elVeXq7FixfHdBs2EHNu3bpVN27c0LVr1/TkyRN9+vRpQM8nSTNnzpQkxcfHKzs7W0+fPtXs2bNjGttfnj17plAopPPnz4cfc7vd8vl8ys7OHtS1/JdwS/ibJSb+/P+MpUuXqrW1VeXl5aqpqdHcuXP17du3X1pHX+bs7OxUfn6+Tp48qY6OjgE7XygUijj+/prFxcX9cqz7IiEhQQkJCRGPrV27VhMnThz0tfyXECyDrl69qqSkJK1cuVLXr19XR0eH/H7/oM/56NEjvX79Wl6vVxs2bNCECRPU3d39y+dzu93hb1LfvXund+/eRYxtbm6W9NcH9y0tLRGRiI+P/7/AxeJnx40fP16JiYmqqKhQZWWlKisrVVZWpmnTpv30uRE7bgn/gT58+CCv1yvpr1uPhoYGffnyRTk5OSosLFR1dbUuXryo+fPny+/3a+jQob3+Zx+IOcePH69QKKTTp0/r06dPampq0suXL3Xz5k0VFRVFHRvtfPPnz9f+/ftVUVGhuro6paWlhd99dXd368SJE2pvb9eDBw+UmZmp/Pz88LzTp0/Xtm3bVFBQoDdv3qi6urrXvfc07ntjxoxRbW2t3r59q7y8PM2ZM0fbt2/XkiVLtGbNGj169Ei3bt3S/fv3NWTIkKh7R9/xw9FB0tnZqaKiIrnd7vBjX79+1YIFC8I/Vvz69asKCwsVCoVUX1+vQCCgSZMmye12KxAIKDk5WTk5OVq6dKm6urrU2tqqcePG6cCBA1F/fCpJwWCw3+d0u90qLi6Wz+fT2LFjtW3bNk2YMEHBYFB5eXlRx0Y7X3FxsYLBoNra2rR+/XolJyeroKBASUlJ+vLli3bv3i2/36+xY8dq3759EessKSlRZ2enXC6XCgsLw+uJtveexn2voKBAr169Unt7u9LS0jR58mTNmzdP06ZN0/PnzzVp0iQdOHAg5m8Y0TdxjvO/74QB4B+Oz7AAmEGwAJhBsACYQbAAmEGwAJhBsACYQbAAmEGwAJhBsACYQbAAmEGwAJhBsACYQbAAmEGwAJhBsACYQbAAmEGwAJhBsACYQbAAmEGwAJhBsACYQbAAmEGwAJhBsACYQbAAmEGwAJhBsACYQbAAmEGwAJhBsACYQbAAmEGwAJhBsACYQbAAmEGwAJhBsACYQbAAmEGwAJhBsACYQbAAmEGwAJhBsACYQbAAmEGwAJhBsACYQbAAmEGwAJhBsACYQbAAmEGwAJhBsACYQbAAmEGwAJhBsACYQbAAmEGwAJhBsACYQbAAmEGwAJhBsACYQbAAmEGwAJhBsACYQbAAmEGwAJhBsACYQbAAmEGwAJhBsACYQbAAmEGwAJhBsACYQbAAmEGwAJhBsACYQbAAmEGwAJhBsACYQbAAmEGwAJhBsACYQbAAmEGwAJhBsACYQbAAmEGwAJhBsACYQbAAmEGwAJhBsACYQbAAmEGwAJhBsACYQbAAmEGwAJhBsACYQbAAmEGwAJhBsACYQbAAmEGwAJhBsACYQbAAmEGwAJhBsACYQbAAmEGwAJhBsACY8ScchzXDMyikIgAAAABJRU5ErkJggg=="`;
